--------- beginning of main
01-17 11:43:18.563   878  3929 D MDnsDS  : Starting MDNSD
01-17 11:43:18.767   878  3929 D MDnsDS  : discover(0, _mi-connect._udp, null, 6, 0)
01-17 11:43:18.767   878  3929 D MDnsDS  : using ref 0xb400007c71f25c40
01-17 11:43:18.767   878  3929 D MDnsDS  : startMonitoring 6
01-17 11:43:18.767   878  3929 D MDnsDS  : triggering rescan
01-17 11:43:18.767   878  3929 D MDnsDS  : discover successful
01-17 11:43:18.767   878   965 D MDnsDS  : pollResults=1
01-17 11:43:18.767   878   965 D MDnsDS  : Monitor poll got data pollCount = 1, 1
01-17 11:43:18.767   878   965 D MDnsDS  : controlSocket shows revent= 1
01-17 11:43:18.767   878   965 D MDnsDS  : MDnsSdListener::Monitor got 1
01-17 11:43:18.767   878   965 D MDnsDS  : MDnsSdListener::Monitor poll rescanning - size=10, live=1
01-17 11:43:18.767   878   965 D MDnsDS  : Going to poll with pollCount 2
01-17 11:49:58.041   878  3929 D MDnsDS  : Stopping operation with ref 0xb400007c71f25c40
01-17 11:49:58.042   878  3929 D MDnsDS  : freeServiceRef 6
01-17 11:49:58.042   878  3929 D MDnsDS  : triggering rescan
01-17 11:49:58.042   878   965 D MDnsDS  : pollResults=2
01-17 11:49:58.042   878   965 D MDnsDS  : Monitor poll got data pollCount = 2, 2
01-17 11:49:58.042   878   965 D MDnsDS  : Monitor found [1].revents = 32 - calling ProcessResults
01-17 11:49:58.043   878   965 D MDnsDS  : controlSocket shows revent= 1
01-17 11:49:58.043   878   965 D MDnsDS  : MDnsSdListener::Monitor got 1
01-17 11:49:58.043   878   965 D MDnsDS  : MDnsSdListener::Monitor poll rescanning - size=10, live=0
01-17 11:49:58.043   878   965 D MDnsDS  : Going to poll with pollCount 1
01-17 11:49:58.054   878  3929 D MDnsDS  : discover(0, _mi-connect._udp, null, 7, 0)
01-17 11:49:58.054   878  3929 D MDnsDS  : using ref 0xb400007c71f26e10
01-17 11:49:58.055   878  3929 D MDnsDS  : startMonitoring 7
01-17 11:49:58.055   878  3929 D MDnsDS  : triggering rescan
01-17 11:49:58.055   878  3929 D MDnsDS  : discover successful
01-17 11:49:58.055   878   965 D MDnsDS  : pollResults=1
01-17 11:49:58.055   878   965 D MDnsDS  : Monitor poll got data pollCount = 1, 1
01-17 11:49:58.055   878   965 D MDnsDS  : controlSocket shows revent= 1
01-17 11:49:58.055   878   965 D MDnsDS  : MDnsSdListener::Monitor got 1
01-17 11:49:58.055   878   965 D MDnsDS  : MDnsSdListener::Monitor poll rescanning - size=10, live=1
01-17 11:49:58.055   878   965 D MDnsDS  : Going to poll with pollCount 2
01-17 12:11:16.544   878  3929 D MDnsDS  : Stopping operation with ref 0xb400007c71f26e10
01-17 12:11:16.544   878  3929 D MDnsDS  : freeServiceRef 7
01-17 12:11:16.544   878  3929 D MDnsDS  : triggering rescan
01-17 12:11:16.544   878   965 D MDnsDS  : pollResults=2
01-17 12:11:16.545   878   965 D MDnsDS  : Monitor poll got data pollCount = 2, 2
01-17 12:11:16.545   878   965 D MDnsDS  : Monitor found [1].revents = 32 - calling ProcessResults
01-17 12:11:16.545   878   965 D MDnsDS  : controlSocket shows revent= 1
01-17 12:11:16.545   878   965 D MDnsDS  : MDnsSdListener::Monitor got 1
01-17 12:11:16.545   878   965 D MDnsDS  : MDnsSdListener::Monitor poll rescanning - size=10, live=0
01-17 12:11:16.545   878   965 D MDnsDS  : Going to poll with pollCount 1
01-17 12:11:26.551   878  3929 D MDnsDS  : Stopping MDNSD
01-17 14:57:56.617   878   965 D MDnsDS  : pollResults=0
01-17 14:57:56.617   878   965 D MDnsDS  : MDnsSdListener::Monitor poll timed out
01-17 14:57:56.617   878   965 D MDnsDS  : Going to poll with pollCount 1
01-17 17:44:36.716   878   965 D MDnsDS  : pollResults=0
01-17 17:44:36.716   878   965 D MDnsDS  : MDnsSdListener::Monitor poll timed out
01-17 17:44:36.716   878   965 D MDnsDS  : Going to poll with pollCount 1
01-17 20:31:16.815   878   965 D MDnsDS  : pollResults=0
01-17 20:31:16.816   878   965 D MDnsDS  : MDnsSdListener::Monitor poll timed out
01-17 20:31:16.816   878   965 D MDnsDS  : Going to poll with pollCount 1
01-17 21:52:15.433   878   878 D MDnsDS  : Starting MDNSD
01-17 21:52:15.644   878   878 D MDnsDS  : discover(0, _mi-connect._udp, null, 8, 0)
01-17 21:52:15.644   878   878 D MDnsDS  : using ref 0xb400007c71f26a20
01-17 21:52:15.645   878   878 D MDnsDS  : startMonitoring 8
01-17 21:52:15.645   878   878 D MDnsDS  : triggering rescan
01-17 21:52:15.645   878   878 D MDnsDS  : discover successful
01-17 21:52:15.645   878   965 D MDnsDS  : pollResults=1
01-17 21:52:15.645   878   965 D MDnsDS  : Monitor poll got data pollCount = 1, 1
01-17 21:52:15.645   878   965 D MDnsDS  : controlSocket shows revent= 1
01-17 21:52:15.645   878   965 D MDnsDS  : MDnsSdListener::Monitor got 1
01-17 21:52:15.645   878   965 D MDnsDS  : MDnsSdListener::Monitor poll rescanning - size=10, live=1
01-17 21:52:15.645   878   965 D MDnsDS  : Going to poll with pollCount 2
01-17 21:52:15.648   878   878 D MDnsDS  : Stopping operation with ref 0xb400007c71f26a20
01-17 21:52:15.648   878   878 D MDnsDS  : freeServiceRef 8
01-17 21:52:15.648   878   878 D MDnsDS  : triggering rescan
01-17 21:52:15.648   878   965 D MDnsDS  : pollResults=2
01-17 21:52:15.648   878   965 D MDnsDS  : Monitor poll got data pollCount = 2, 2
01-17 21:52:15.648   878   965 D MDnsDS  : Monitor found [1].revents = 32 - calling ProcessResults
01-17 21:52:15.648   878   965 D MDnsDS  : controlSocket shows revent= 1
01-17 21:52:15.648   878   965 D MDnsDS  : MDnsSdListener::Monitor got 1
01-17 21:52:15.648   878   965 D MDnsDS  : MDnsSdListener::Monitor poll rescanning - size=10, live=0
01-17 21:52:15.648   878   965 D MDnsDS  : Going to poll with pollCount 1
01-17 21:52:15.655   878   878 D MDnsDS  : discover(0, _mi-connect._udp, null, 9, 0)
01-17 21:52:15.655   878   878 D MDnsDS  : using ref 0xb400007c71f26ab0
01-17 21:52:15.656   878   878 D MDnsDS  : startMonitoring 9
01-17 21:52:15.656   878   878 D MDnsDS  : triggering rescan
01-17 21:52:15.656   878   878 D MDnsDS  : discover successful
01-17 21:52:15.656   878   965 D MDnsDS  : pollResults=1
01-17 21:52:15.656   878   965 D MDnsDS  : Monitor poll got data pollCount = 1, 1
01-17 21:52:15.656   878   965 D MDnsDS  : controlSocket shows revent= 1
01-17 21:52:15.656   878   965 D MDnsDS  : MDnsSdListener::Monitor got 1
01-17 21:52:15.656   878   965 D MDnsDS  : MDnsSdListener::Monitor poll rescanning - size=10, live=1
01-17 21:52:15.656   878   965 D MDnsDS  : Going to poll with pollCount 2
01-17 21:54:26.041   878   878 D MDnsDS  : Stopping operation with ref 0xb400007c71f26ab0
01-17 21:54:26.041   878   878 D MDnsDS  : freeServiceRef 9
01-17 21:54:26.041   878   878 D MDnsDS  : triggering rescan
01-17 21:54:26.041   878   965 D MDnsDS  : pollResults=2
01-17 21:54:26.041   878   965 D MDnsDS  : Monitor poll got data pollCount = 2, 2
01-17 21:54:26.041   878   965 D MDnsDS  : Monitor found [1].revents = 32 - calling ProcessResults
01-17 21:54:26.041   878   965 D MDnsDS  : controlSocket shows revent= 1
01-17 21:54:26.041   878   965 D MDnsDS  : MDnsSdListener::Monitor got 1
01-17 21:54:26.041   878   965 D MDnsDS  : MDnsSdListener::Monitor poll rescanning - size=10, live=0
01-17 21:54:26.041   878   965 D MDnsDS  : Going to poll with pollCount 1
01-17 22:00:46.240   878   878 D MDnsDS  : Stopping MDNSD
01-18 07:22:18.036  1293  2966 D AudioFlinger: updateWakeLockUids_l AudioOut_15 uids:
01-18 07:22:18.037  1293  2962 D AudioFlinger: updateWakeLockUids_l AudioOut_D uids:
01-18 07:22:18.037  1293  2966 D AudioFlinger: PlaybackThread::ioConfigChanged, thread 0xb400007790382200, event 0
01-18 07:22:18.037  1293  2962 D AudioFlinger: PlaybackThread::ioConfigChanged, thread 0xb4000077abf27500, event 0
01-18 07:22:18.038  1293  2975 D AudioFlinger: updateWakeLockUids_l AudioOut_35 uids:
01-18 07:22:18.038  1293  2975 D AudioFlinger: PlaybackThread::ioConfigChanged, thread 0xb4000077903fa0c0, event 0
01-18 07:22:18.043  1293  2978 D AudioFlinger: updateWakeLockUids_l AudioOut_45 uids:
01-18 07:22:18.043  1293  2978 D AudioFlinger: PlaybackThread::ioConfigChanged, thread 0xb4000077904d74c0, event 0
01-18 07:22:20.289   878  4320 D MDnsDS  : Starting MDNSD
01-18 07:22:20.518   878  4320 D MDnsDS  : discover(0, _mi-connect._udp, null, 10, 0)
01-18 07:22:20.518   878  4320 D MDnsDS  : using ref 0xb400007c6d2854f0
01-18 07:22:20.519   878  4320 D MDnsDS  : startMonitoring 10
01-18 07:22:20.519   878  4320 D MDnsDS  : triggering rescan
01-18 07:22:20.519   878  4320 D MDnsDS  : discover successful
01-18 07:22:20.519   878   965 D MDnsDS  : pollResults=1
01-18 07:22:20.519   878   965 D MDnsDS  : Monitor poll got data pollCount = 1, 1
01-18 07:22:20.519   878   965 D MDnsDS  : controlSocket shows revent= 1
01-18 07:22:20.519   878   965 D MDnsDS  : MDnsSdListener::Monitor got 1
01-18 07:22:20.519   878   965 D MDnsDS  : MDnsSdListener::Monitor poll rescanning - size=10, live=1
01-18 07:22:20.519   878   965 D MDnsDS  : Going to poll with pollCount 2
01-18 07:22:20.521   878  4320 D MDnsDS  : Stopping operation with ref 0xb400007c6d2854f0
01-18 07:22:20.521   878  4320 D MDnsDS  : freeServiceRef 10
01-18 07:22:20.522   878  4320 D MDnsDS  : triggering rescan
01-18 07:22:20.522   878   965 D MDnsDS  : pollResults=2
01-18 07:22:20.522   878   965 D MDnsDS  : Monitor poll got data pollCount = 2, 2
01-18 07:22:20.522   878   965 D MDnsDS  : Monitor found [1].revents = 32 - calling ProcessResults
01-18 07:22:20.522   878   965 D MDnsDS  : controlSocket shows revent= 1
01-18 07:22:20.522   878   965 D MDnsDS  : MDnsSdListener::Monitor got 1
01-18 07:22:20.522   878   965 D MDnsDS  : MDnsSdListener::Monitor poll rescanning - size=10, live=0
01-18 07:22:20.522   878   965 D MDnsDS  : Going to poll with pollCount 1
01-18 07:22:20.525   878  4320 D MDnsDS  : discover(0, _mi-connect._udp, null, 11, 0)
01-18 07:22:20.525   878  4320 D MDnsDS  : using ref 0xb400007c6d286060
01-18 07:22:20.526   878  4320 D MDnsDS  : startMonitoring 11
01-18 07:22:20.526   878  4320 D MDnsDS  : triggering rescan
01-18 07:22:20.526   878  4320 D MDnsDS  : discover successful
01-18 07:22:20.526   878   965 D MDnsDS  : pollResults=1
01-18 07:22:20.526   878   965 D MDnsDS  : Monitor poll got data pollCount = 1, 1
01-18 07:22:20.526   878   965 D MDnsDS  : controlSocket shows revent= 1
01-18 07:22:20.526   878   965 D MDnsDS  : MDnsSdListener::Monitor got 1
01-18 07:22:20.526   878   965 D MDnsDS  : MDnsSdListener::Monitor poll rescanning - size=10, live=1
01-18 07:22:20.526   878   965 D MDnsDS  : Going to poll with pollCount 2
01-18 11:28:20.077  1293  3097 W AudioFlinger::EffectHandle: disconnect Effect handle 0xb40000779816d5e0 disconnected after thread destruction
01-18 11:28:20.078  1293  2962 D AudioFlinger: updateWakeLockUids_l AudioOut_D uids:
01-18 17:28:52.831  1293  2962 D AudioFlinger: updateWakeLockUids_l AudioOut_D uids:
01-18 17:28:52.831  1293  2966 D AudioFlinger: updateWakeLockUids_l AudioOut_15 uids:
01-18 17:28:52.832  1293  2975 D AudioFlinger: updateWakeLockUids_l AudioOut_35 uids:
01-18 17:28:52.832  1293  2966 D AudioFlinger: PlaybackThread::ioConfigChanged, thread 0xb400007790382200, event 0
01-18 17:28:52.832  1293  2962 D AudioFlinger: PlaybackThread::ioConfigChanged, thread 0xb4000077abf27500, event 0
01-18 17:28:52.832  1293  2975 D AudioFlinger: PlaybackThread::ioConfigChanged, thread 0xb4000077903fa0c0, event 0
01-18 17:28:52.832  1293  2978 D AudioFlinger: updateWakeLockUids_l AudioOut_45 uids:
01-18 17:28:52.832  1293  2978 D AudioFlinger: PlaybackThread::ioConfigChanged, thread 0xb4000077904d74c0, event 0
01-19 07:27:24.908  1293  2966 D AudioFlinger: updateWakeLockUids_l AudioOut_15 uids:
01-19 07:27:24.908  1293  2962 D AudioFlinger: updateWakeLockUids_l AudioOut_D uids:
01-19 07:27:24.908  1293  2975 D AudioFlinger: updateWakeLockUids_l AudioOut_35 uids:
01-19 07:27:24.908  1293  2966 D AudioFlinger: PlaybackThread::ioConfigChanged, thread 0xb400007790382200, event 0
01-19 07:27:24.908  1293  2962 D AudioFlinger: PlaybackThread::ioConfigChanged, thread 0xb4000077abf27500, event 0
01-19 07:27:24.908  1293  2975 D AudioFlinger: PlaybackThread::ioConfigChanged, thread 0xb4000077903fa0c0, event 0
01-19 07:27:24.910  1293  2978 D AudioFlinger: updateWakeLockUids_l AudioOut_45 uids:
01-19 07:27:24.910  1293  2978 D AudioFlinger: PlaybackThread::ioConfigChanged, thread 0xb4000077904d74c0, event 0
01-19 07:27:25.600   878   964 D MDnsDS  : Stopping operation with ref 0xb400007c6d286060
01-19 07:27:25.602   878   964 D MDnsDS  : freeServiceRef 11
01-19 07:27:25.602   878   964 D MDnsDS  : triggering rescan
01-19 07:27:25.602   878   965 D MDnsDS  : pollResults=2
01-19 07:27:25.602   878   965 D MDnsDS  : Monitor poll got data pollCount = 2, 2
01-19 07:27:25.602   878   965 D MDnsDS  : Monitor found [1].revents = 32 - calling ProcessResults
01-19 07:27:25.602   878   965 D MDnsDS  : controlSocket shows revent= 1
01-19 07:27:25.602   878   965 D MDnsDS  : MDnsSdListener::Monitor got 1
01-19 07:27:25.602   878   965 D MDnsDS  : MDnsSdListener::Monitor poll rescanning - size=10, live=0
01-19 07:27:25.602   878   965 D MDnsDS  : Going to poll with pollCount 1
01-19 07:27:25.607   878   964 D MDnsDS  : discover(0, _mi-connect._udp, null, 12, 0)
01-19 07:27:25.607   878   964 D MDnsDS  : using ref 0xb400007c71f25280
01-19 07:27:25.607   878   964 D MDnsDS  : startMonitoring 12
01-19 07:27:25.607   878   964 D MDnsDS  : triggering rescan
01-19 07:27:25.607   878   964 D MDnsDS  : discover successful
01-19 07:27:25.607   878   965 D MDnsDS  : pollResults=1
01-19 07:27:25.607   878   965 D MDnsDS  : Monitor poll got data pollCount = 1, 1
01-19 07:27:25.607   878   965 D MDnsDS  : controlSocket shows revent= 1
01-19 07:27:25.607   878   965 D MDnsDS  : MDnsSdListener::Monitor got 1
01-19 07:27:25.607   878   965 D MDnsDS  : MDnsSdListener::Monitor poll rescanning - size=10, live=1
01-19 07:27:25.607   878   965 D MDnsDS  : Going to poll with pollCount 2
01-19 07:27:25.821  1293  9165 W AudioFlinger::EffectHandle: disconnect Effect handle 0xb40000779816dd60 disconnected after thread destruction
01-19 07:27:25.825  1293  9165 W AudioFlinger::EffectHandle: disconnect Effect handle 0xb40000779816d4a0 disconnected after thread destruction
01-19 07:27:25.825  1293  9165 W AudioFlinger::EffectHandle: disconnect Effect handle 0xb4000077abfe89a0 disconnected after thread destruction
01-19 12:09:17.940   878   964 D MDnsDS  : Stopping operation with ref 0xb400007c71f25280
01-19 12:09:17.940   878   964 D MDnsDS  : freeServiceRef 12
01-19 12:09:17.940   878   964 D MDnsDS  : triggering rescan
01-19 12:09:17.940   878   965 D MDnsDS  : pollResults=2
01-19 12:09:17.940   878   965 D MDnsDS  : Monitor poll got data pollCount = 2, 2
01-19 12:09:17.940   878   965 D MDnsDS  : Monitor found [1].revents = 32 - calling ProcessResults
01-19 12:09:17.940   878   965 D MDnsDS  : controlSocket shows revent= 1
01-19 12:09:17.940   878   965 D MDnsDS  : MDnsSdListener::Monitor got 1
01-19 12:09:17.940   878   965 D MDnsDS  : MDnsSdListener::Monitor poll rescanning - size=10, live=0
01-19 12:09:17.940   878   965 D MDnsDS  : Going to poll with pollCount 1
01-19 12:09:17.943   878   964 D MDnsDS  : discover(0, _mi-connect._udp, null, 13, 0)
01-19 12:09:17.943   878   964 D MDnsDS  : using ref 0xb400007c71f252e0
01-19 12:09:17.944   878   964 D MDnsDS  : startMonitoring 13
01-19 12:09:17.944   878   964 D MDnsDS  : triggering rescan
01-19 12:09:17.944   878   964 D MDnsDS  : discover successful
01-19 12:09:17.944   878   965 D MDnsDS  : pollResults=1
01-19 12:09:17.944   878   965 D MDnsDS  : Monitor poll got data pollCount = 1, 1
01-19 12:09:17.944   878   965 D MDnsDS  : controlSocket shows revent= 1
01-19 12:09:17.944   878   965 D MDnsDS  : MDnsSdListener::Monitor got 1
01-19 12:09:17.944   878   965 D MDnsDS  : MDnsSdListener::Monitor poll rescanning - size=10, live=1
01-19 12:09:17.944   878   965 D MDnsDS  : Going to poll with pollCount 2
01-19 12:09:21.232   878   964 D MDnsDS  : Stopping operation with ref 0xb400007c71f252e0
01-19 12:09:21.232   878   964 D MDnsDS  : freeServiceRef 13
01-19 12:09:21.232   878   964 D MDnsDS  : triggering rescan
01-19 12:09:21.233   878   965 D MDnsDS  : pollResults=2
01-19 12:09:21.233   878   965 D MDnsDS  : Monitor poll got data pollCount = 2, 2
01-19 12:09:21.233   878   965 D MDnsDS  : Monitor found [1].revents = 32 - calling ProcessResults
01-19 12:09:21.233   878   965 D MDnsDS  : controlSocket shows revent= 1
01-19 12:09:21.233   878   965 D MDnsDS  : MDnsSdListener::Monitor got 1
01-19 12:09:21.233   878   965 D MDnsDS  : MDnsSdListener::Monitor poll rescanning - size=10, live=0
01-19 12:09:21.233   878   965 D MDnsDS  : Going to poll with pollCount 1
01-19 12:09:31.247   878   964 D MDnsDS  : Stopping MDNSD
01-19 12:48:00.965   878   964 D MDnsDS  : Starting MDNSD
01-19 12:48:01.183   878   964 D MDnsDS  : discover(0, _mi-connect._udp, null, 14, 0)
01-19 12:48:01.183   878   964 D MDnsDS  : using ref 0xb400007c6d285580
01-19 12:48:01.183   878   964 D MDnsDS  : startMonitoring 14
01-19 12:48:01.183   878   964 D MDnsDS  : triggering rescan
01-19 12:48:01.183   878   964 D MDnsDS  : discover successful
01-19 12:48:01.183   878   965 D MDnsDS  : pollResults=1
01-19 12:48:01.183   878   965 D MDnsDS  : Monitor poll got data pollCount = 1, 1
01-19 12:48:01.183   878   965 D MDnsDS  : controlSocket shows revent= 1
01-19 12:48:01.183   878   965 D MDnsDS  : MDnsSdListener::Monitor got 1
01-19 12:48:01.183   878   965 D MDnsDS  : MDnsSdListener::Monitor poll rescanning - size=10, live=1
01-19 12:48:01.183   878   965 D MDnsDS  : Going to poll with pollCount 2
01-19 12:48:01.186   878   964 D MDnsDS  : Stopping operation with ref 0xb400007c6d285580
01-19 12:48:01.186   878   964 D MDnsDS  : freeServiceRef 14
01-19 12:48:01.186   878   964 D MDnsDS  : triggering rescan
01-19 12:48:01.186   878   965 D MDnsDS  : pollResults=2
01-19 12:48:01.186   878   965 D MDnsDS  : Monitor poll got data pollCount = 2, 2
01-19 12:48:01.186   878   965 D MDnsDS  : Monitor found [1].revents = 32 - calling ProcessResults
01-19 12:48:01.186   878   965 D MDnsDS  : controlSocket shows revent= 1
01-19 12:48:01.186   878   965 D MDnsDS  : MDnsSdListener::Monitor got 1
01-19 12:48:01.186   878   965 D MDnsDS  : MDnsSdListener::Monitor poll rescanning - size=10, live=0
01-19 12:48:01.186   878   965 D MDnsDS  : Going to poll with pollCount 1
01-19 12:48:01.191   878   964 D MDnsDS  : discover(0, _mi-connect._udp, null, 15, 0)
01-19 12:48:01.191   878   964 D MDnsDS  : using ref 0xb400007c71f25190
01-19 12:48:01.191   878   964 D MDnsDS  : startMonitoring 15
01-19 12:48:01.191   878   964 D MDnsDS  : triggering rescan
01-19 12:48:01.191   878   964 D MDnsDS  : discover successful
01-19 12:48:01.191   878   965 D MDnsDS  : pollResults=1
01-19 12:48:01.191   878   965 D MDnsDS  : Monitor poll got data pollCount = 1, 1
01-19 12:48:01.191   878   965 D MDnsDS  : controlSocket shows revent= 1
01-19 12:48:01.191   878   965 D MDnsDS  : MDnsSdListener::Monitor got 1
01-19 12:48:01.191   878   965 D MDnsDS  : MDnsSdListener::Monitor poll rescanning - size=10, live=1
01-19 12:48:01.191   878   965 D MDnsDS  : Going to poll with pollCount 2
01-19 12:48:32.449  1293  2962 D AudioFlinger: updateWakeLockUids_l AudioOut_D uids:
01-19 12:48:32.449  1293  2962 D AudioFlinger: PlaybackThread::ioConfigChanged, thread 0xb4000077abf27500, event 0
01-19 12:48:32.450  1293  2966 D AudioFlinger: updateWakeLockUids_l AudioOut_15 uids:
01-19 12:48:32.450  1293  2966 D AudioFlinger: PlaybackThread::ioConfigChanged, thread 0xb400007790382200, event 0
01-19 12:48:32.451  1293  2978 D AudioFlinger: updateWakeLockUids_l AudioOut_45 uids:
01-19 12:48:32.451  1293  2978 D AudioFlinger: PlaybackThread::ioConfigChanged, thread 0xb4000077904d74c0, event 0
01-19 12:48:32.452  1293  2975 D AudioFlinger: updateWakeLockUids_l AudioOut_35 uids:
01-19 12:48:32.452  1293  2975 D AudioFlinger: PlaybackThread::ioConfigChanged, thread 0xb4000077903fa0c0, event 0
01-19 12:49:02.861  5584  7920 D SLM-SRV-SLAService: checktemp temperature = 28549 temperature_average = 27782 isPerformanceMode = false thermal_enable_slm = true
01-19 12:49:02.870  1267  1267 W vendor.xiaomi.h: type=1400 audit(0.0:20970): avc: denied { read } for name="u:object_r:system_prop:s0" dev="tmpfs" ino=13208 scontext=u:r:hal_vibrator_default:s0 tcontext=u:object_r:system_prop:s0 tclass=file permissive=0
01-19 12:49:02.870  1267  1267 W vendor.xiaomi.h: type=1400 audit(0.0:20971): avc: denied { read } for name="u:object_r:system_prop:s0" dev="tmpfs" ino=13208 scontext=u:r:hal_vibrator_default:s0 tcontext=u:object_r:system_prop:s0 tclass=file permissive=0
01-19 12:49:02.870  1267  1267 W vendor.xiaomi.h: type=1400 audit(0.0:20972): avc: denied { read } for name="u:object_r:system_prop:s0" dev="tmpfs" ino=13208 scontext=u:r:hal_vibrator_default:s0 tcontext=u:object_r:system_prop:s0 tclass=file permissive=0
01-19 12:49:02.873  1267 19394 W libc    : Access denied finding property "persist.sys.log_time_gap_sec"
01-19 12:49:02.873  1267 19394 W libc    : Access denied finding property "persist.sys.log_max_line"
01-19 12:49:02.873  1267 19394 W libc    : Access denied finding property "persist.sys.log_filter_flag"
01-19 12:49:02.872  1267 19394 D vendor.hardware.vibratorfeature: Notifying perform complete
01-19 12:49:02.874  1267  1267 D vendor.hardware.vibratorfeature: QTI Vibrator off
01-19 12:49:02.874  1267  1267 D DynamicEffectThread: pause
01-19 12:49:02.874  1267  1267 D DynamicEffectDevice: FFDevice pause
01-19 12:49:02.875 26915 26915 D DecorView[]: onWindowFocusChanged hasWindowFocus true
01-19 12:49:02.875 26915 26915 I HandWritingStubImpl: refreshLastKeyboardType: 1
01-19 12:49:02.875 26915 26915 I HandWritingStubImpl: getCurrentKeyboardType: 1
01-19 12:49:02.880  7864  7864 E BaseInputMethodService: onFinishInput
01-19 12:49:02.880  7864  7864 E BaseInputMethodService: onStartInput
01-19 12:49:02.888 18307 18416 I ui.notification: oneway function results for code 1599295570 on binder at 0xb4000074debb1800 will be dropped but finished with status UNKNOWN_TRANSACTION
01-19 12:49:02.890  5303  5344 I com.miui.daemon: oneway function results for code 1599295570 on binder at 0xb4000074deb90f00 will be dropped but finished with status UNKNOWN_TRANSACTION
01-19 12:49:02.890 11530 11547 I com.miui.wmsvc: oneway function results for code 1599295570 on binder at 0xb4000074fc5370e0 will be dropped but finished with status UNKNOWN_TRANSACTION
01-19 12:49:02.890 11294 17206 I .securitycenter: oneway function results for code 1599295570 on binder at 0xb4000074fc4e9f60 will be dropped but finished with status UNKNOWN_TRANSACTION
01-19 12:49:02.890  4007  4041 I id.ext.services: oneway function results for code 1599295570 on binder at 0xb4000074deb90260 will be dropped but finished with status UNKNOWN_TRANSACTION
01-19 12:49:02.891 18403 18432 I ui.securitycore: oneway function results for code 1599295570 on binder at 0xb4000074debb1900 will be dropped but finished with status UNKNOWN_TRANSACTION
01-19 12:49:02.891  5336  6592 D NfcService: updateMuteByCam: false
01-19 12:49:02.891 18462 18482 I viders.calendar: oneway function results for code 1599295570 on binder at 0xb4000074debb1c00 will be dropped but finished with status UNKNOWN_TRANSACTION
01-19 12:49:02.892  5336  6592 I com.android.nfc: oneway function results for code 1599295570 on binder at 0xb4000074deb90f80 will be dropped but finished with status UNKNOWN_TRANSACTION
01-19 12:49:02.892  3799  4526 I .codeaurora.ims: oneway function results for code 1599295570 on binder at 0xb4000074fc451940 will be dropped but finished with status UNKNOWN_TRANSACTION
01-19 12:49:02.892  5417  5452 I aa.aidl.manager: oneway function results for code 1599295570 on binder at 0xb4000074dec82200 will be dropped but finished with status UNKNOWN_TRANSACTION
01-19 12:49:02.893  4658 22948 I com.miui.aod: oneway function results for code 1599295570 on binder at 0xb4000074deb90a00 will be dropped but finished with status UNKNOWN_TRANSACTION
01-19 12:49:02.893  5453  8051 I ui.voicetrigger: oneway function results for code 1599295570 on binder at 0xb4000074dec822a0 will be dropped but finished with status UNKNOWN_TRANSACTION
01-19 12:49:02.894 18106 18143 I ndroid.contacts: oneway function results for code 1599295570 on binder at 0xb4000074debb1740 will be dropped but finished with status UNKNOWN_TRANSACTION
01-19 12:49:02.894  5336  5336 D NfcService: updatePollConfig: mMuteByCam=false, mMuteByMic=false, mMuteByDispatcher=false, screen=8
01-19 12:49:02.894 18074 18102 I .quicksearchbox: oneway function results for code 1599295570 on binder at 0xb4000074debb1600 will be dropped but finished with status UNKNOWN_TRANSACTION
01-19 12:49:02.894 11944 11965 I .milink.service: oneway function results for code 1599295570 on binder at 0xb40000750c5cbbe0 will be dropped but finished with status UNKNOWN_TRANSACTION
01-19 12:49:02.894  3737  3782 I qtidataservices: oneway function results for code 1599295570 on binder at 0xb4000074fc451860 will be dropped but finished with status UNKNOWN_TRANSACTION
01-19 12:49:02.895 19147 19166 I com.miui.phrase: oneway function results for code 1599295570 on binder at 0xb4000074deba72a0 will be dropped but finished with status UNKNOWN_TRANSACTION
01-19 12:49:02.895 18622 18653 I aomi.misettings: oneway function results for code 1599295570 on binder at 0xb4000074debb1dc0 will be dropped but finished with status UNKNOWN_TRANSACTION
01-19 12:49:02.896 18978 19045 I i.health:device: oneway function results for code 1599295570 on binder at 0x74deba60e0 will be dropped but finished with status UNKNOWN_TRANSACTION
01-19 12:49:02.896  5850  6203 I tycenter.remote: oneway function results for code 1599295570 on binder at 0xb4000074dec829c0 will be dropped but finished with status UNKNOWN_TRANSACTION
01-19 12:49:02.896 17442 17462 I .xiaomi.account: oneway function results for code 1599295570 on binder at 0xb4000074debb14c0 will be dropped but finished with status UNKNOWN_TRANSACTION
01-19 12:49:02.897 18563 18646 I d.soundrecorder: oneway function results for code 1599295570 on binder at 0xb4000074debb1c40 will be dropped but finished with status UNKNOWN_TRANSACTION
01-19 12:49:02.897  5294 15678 I .xiaomi.barrage: oneway function results for code 1599295570 on binder at 0xb4000074deb90e80 will be dropped but finished with status UNKNOWN_TRANSACTION
01-19 12:49:02.897 18189 18417 I om.miui.miinput: oneway function results for code 1599295570 on binder at 0xb4000074debb1800 will be dropped but finished with status UNKNOWN_TRANSACTION
01-19 12:49:02.897  3855  3912 I atisticsservice: oneway function results for code 1599295570 on binder at 0xb4000074fc451a20 will be dropped but finished with status UNKNOWN_TRANSACTION
01-19 12:49:02.898  5336  5336 I libnfc_nci: [INFO:NativeNfcManager.cpp(2975)] mutePollingConfigState=0,screen_state_mask=8
01-19 12:49:02.898  5336  5336 I libnfc_nci: [INFO:NativeNfcManager.cpp(2984)] Screen state is not changed.
01-19 12:49:02.898  5230  5265 I .contentcatcher: oneway function results for code 1599295570 on binder at 0xb4000074deb90c80 will be dropped but finished with status UNKNOWN_TRANSACTION
01-19 12:49:02.898 18647 18697 I com.mi.health: oneway function results for code 1599295570 on binder at 0x74debb1ec0 will be dropped but finished with status UNKNOWN_TRANSACTION
01-19 12:49:02.898 16879 16900 I roid.htmlviewer: oneway function results for code 1599295570 on binder at 0xb4000074debb52e0 will be dropped but finished with status UNKNOWN_TRANSACTION
01-19 12:49:02.899  8947  8975 I k.service:audio: oneway function results for code 1599295570 on binder at 0xb4000074fc449ec0 will be dropped but finished with status UNKNOWN_TRANSACTION
01-19 12:49:02.899  5865 14599 I rsonalassistant: oneway function results for code 1599295570 on binder at 0xb4000074dec82a40 will be dropped but finished with status UNKNOWN_TRANSACTION
01-19 12:49:02.899  5346  5391 I com.ifaa.seccam: oneway function results for code 1599295570 on binder at 0xb4000074deb90fa0 will be dropped but finished with status UNKNOWN_TRANSACTION
01-19 12:49:02.900 18577 18631 I iongallery.emag: oneway function results for code 1599295570 on binder at 0xb4000074debb1c00 will be dropped but finished with status UNKNOWN_TRANSACTION
01-19 12:49:02.900  3809  3936 I com.android.se: oneway function results for code 1599295570 on binder at 0xb4000074fc451a00 will be dropped but finished with status UNKNOWN_TRANSACTION
01-19 12:49:02.900  7162  7223 I connect_service: oneway function results for code 1599295570 on binder at 0xb4000074fc449620 will be dropped but finished with status UNKNOWN_TRANSACTION
01-19 12:49:02.900 21069  9790 I mlviewer:remote: oneway function results for code 1599295570 on binder at 0xb4000074deba7040 will be dropped but finished with status UNKNOWN_TRANSACTION
01-19 12:49:02.900  5796  5822 I curitycenter:ui: oneway function results for code 1599295570 on binder at 0xb4000074dec828c0 will be dropped but finished with status UNKNOWN_TRANSACTION
01-19 12:49:02.900  5509  5576 I kloadclassifier: oneway function results for code 1599295570 on binder at 0xb4000074dec82420 will be dropped but finished with status UNKNOWN_TRANSACTION
01-19 12:49:02.890  7269 32082 I iui.powerkeeper: oneway function results for code 1599295570 on binder at 0xb4000074fc449660 will be dropped but finished with status UNKNOWN_TRANSACTION
01-19 12:49:02.902 26915 26941 I ndroid.settings: oneway function results for code 1599295570 on binder at 0xb4000074deb82e20 will be dropped but finished with status UNKNOWN_TRANSACTION
01-19 12:49:02.902  4345  4372 I m.xiaomi.mirror: oneway function results for code 1599295570 on binder at 0xb4000074deb90360 will be dropped but finished with status UNKNOWN_TRANSACTION
01-19 12:49:02.902  7864 14938 I od.sogou.xiaomi: oneway function results for code 1599295570 on binder at 0xb4000074fc4499c0 will be dropped but finished with status UNKNOWN_TRANSACTION
01-19 12:49:02.903 14841 14860 I ce:galleryproxy: oneway function results for code 1599295570 on binder at 0xb4000074debb8060 will be dropped but finished with status UNKNOWN_TRANSACTION
01-19 12:49:02.903  6556  6651 I com.xiaomi.xmsf: oneway function results for code 1599295570 on binder at 0xb40000750c5d21a0 will be dropped but finished with status UNKNOWN_TRANSACTION
01-19 12:49:02.903  5190 10142 I FuseDaemon: oneway function results for code 1599295570 on binder at 0xb4000074deb90b60 will be dropped but finished with status UNKNOWN_TRANSACTION
01-19 12:49:02.903 12203 12931 I .miui.analytics: oneway function results for code 1599295570 on binder at 0xb4000074dea6c300 will be dropped but finished with status UNKNOWN_TRANSACTION
01-19 12:49:02.904 18232 18287 I ewhome:launcher: oneway function results for code 1599295570 on binder at 0xb4000074deb8a1c0 will be dropped but finished with status UNKNOWN_TRANSACTION
01-19 12:49:02.904 15475 15493 I :widgetProvider: oneway function results for code 1599295570 on binder at 0xb4000074debb5120 will be dropped but finished with status UNKNOWN_TRANSACTION
01-19 12:49:02.905 18231 18320 I om.miui.misound: oneway function results for code 1599295570 on binder at 0xb4000074debb1880 will be dropped but finished with status UNKNOWN_TRANSACTION
01-19 12:49:02.905  5170 31629 I oiceassist:core: oneway function results for code 1599295570 on binder at 0xb4000074deb90ca0 will be dropped but finished with status UNKNOWN_TRANSACTION
01-19 12:49:02.905  3577  3611 I iui.miwallpaper: oneway function results for code 1599295570 on binder at 0xb4000074fc451680 will be dropped but finished with status UNKNOWN_TRANSACTION
01-19 12:49:02.905  5670  9561 I alcomm.location: oneway function results for code 1599295570 on binder at 0xb4000074dec82720 will be dropped but finished with status UNKNOWN_TRANSACTION
01-19 12:49:02.905  5689  5717 I ti.diagservices: oneway function results for code 1599295570 on binder at 0xb4000074dec82640 will be dropped but finished with status UNKNOWN_TRANSACTION
01-19 12:49:02.906 30175 30205 I om.miui.carlink: oneway function results for code 1599295570 on binder at 0xb40000750c5cc620 will be dropped but finished with status UNKNOWN_TRANSACTION
01-19 12:49:02.906  3829  4589 I aomi.finddevice: oneway function results for code 1599295570 on binder at 0xb4000074fc451a20 will be dropped but finished with status UNKNOWN_TRANSACTION
01-19 12:49:02.907  6504  6577 I .milink.runtime: oneway function results for code 1599295570 on binder at 0xb40000750c5d2020 will be dropped but finished with status UNKNOWN_TRANSACTION
01-19 12:49:02.907 18491 18538 I atcher:autofill: oneway function results for code 1599295570 on binder at 0xb4000074debb1c80 will be dropped but finished with status UNKNOWN_TRANSACTION
01-19 12:49:02.907  7055 12133 I i.xmsf:services: oneway function results for code 1599295570 on binder at 0xb40000750c5d2260 will be dropped but finished with status UNKNOWN_TRANSACTION
01-19 12:49:02.907  5727  9608 I d.process.media: oneway function results for code 1599295570 on binder at 0xb4000074dec82840 will be dropped but finished with status UNKNOWN_TRANSACTION
01-19 12:49:02.908  3726  3784 I .dataservices: oneway function results for code 1599295570 on binder at 0xb4000074fc451800 will be dropped but finished with status UNKNOWN_TRANSACTION
01-19 12:49:02.909  5719  5761 I com.miui.face: oneway function results for code 1599295570 on binder at 0xb4000074dec82740 will be dropped but finished with status UNKNOWN_TRANSACTION
01-19 12:49:02.909  7091  8766 I e.security.miui: oneway function results for code 1599295570 on binder at 0xb4000074fc449620 will be dropped but finished with status UNKNOWN_TRANSACTION
01-19 12:49:02.909  3876  4482 I m.android.phone: oneway function results for code 1599295570 on binder at 0xb4000074fc451aa0 will be dropped but finished with status UNKNOWN_TRANSACTION
01-19 12:49:02.909  3765  3797 I com.qti.phone: oneway function results for code 1599295570 on binder at 0xb4000074fc4518e0 will be dropped but finished with status UNKNOWN_TRANSACTION
01-19 12:49:02.910 31492 32029 I com.android.mms: oneway function results for code 1599295570 on binder at 0xb40000750c5ccac0 will be dropped but finished with status UNKNOWN_TRANSACTION
01-19 12:49:02.910  7323  7816 I m.xiaomi.joyose: oneway function results for code 1599295570 on binder at 0xb4000074fc449720 will be dropped but finished with status UNKNOWN_TRANSACTION
01-19 12:49:02.910  5966  5995 I xiaomi.metoknlp: oneway function results for code 1599295570 on binder at 0xb4000074dec82900 will be dropped but finished with status UNKNOWN_TRANSACTION
01-19 12:49:02.910  6212  6259 I .aiasst.service: oneway function results for code 1599295570 on binder at 0xb4000074dec82e80 will be dropped but finished with status UNKNOWN_TRANSACTION
01-19 12:49:02.911 11292 17134 I .miui.miservice: oneway function results for code 1599295570 on binder at 0xb4000074fc4e9f60 will be dropped but finished with status UNKNOWN_TRANSACTION
01-19 12:49:02.911 31181  3717 I iui.cleanmaster: oneway function results for code 1599295570 on binder at 0xb40000750c5cca00 will be dropped but finished with status UNKNOWN_TRANSACTION
01-19 12:49:02.911  5267 11668 I ui.dmregservice: oneway function results for code 1599295570 on binder at 0xb4000074deb90c60 will be dropped but finished with status UNKNOWN_TRANSACTION
01-19 12:49:02.912 18041 18073 I ndroid.calendar: oneway function results for code 1599295570 on binder at 0xb4000074debb1600 will be dropped but finished with status UNKNOWN_TRANSACTION
01-19 12:49:02.912 13928 13950 I m.xiaomi.market: oneway function results for code 1599295570 on binder at 0xb4000074fc5377c0 will be dropped but finished with status UNKNOWN_TRANSACTION
01-19 12:49:02.913 10266 12308 I droid.bluetooth: oneway function results for code 1599295570 on binder at 0xb40000750c5cb9e0 will be dropped but finished with status UNKNOWN_TRANSACTION
01-19 12:49:02.913 18444 18469 I .touchassistant: oneway function results for code 1599295570 on binder at 0xb4000074debb1ac0 will be dropped but finished with status UNKNOWN_TRANSACTION
01-19 12:49:02.914  5466  5517 I aomi.xmsfkeeper: oneway function results for code 1599295570 on binder at 0xb4000074dec823a0 will be dropped but finished with status UNKNOWN_TRANSACTION
01-19 12:49:02.914  3938  4617 I ndroid.systemui: oneway function results for code 1599295570 on binder at 0xb4000074fc4548c0 will be dropped but finished with status UNKNOWN_TRANSACTION
01-19 12:49:02.914  5559  5602 I erprint.setting: oneway function results for code 1599295570 on binder at 0xb4000074dec82480 will be dropped but finished with status UNKNOWN_TRANSACTION
01-19 12:49:02.914  4278  4314 I android.smspush: oneway function results for code 1599295570 on binder at 0xb4000074deb90340 will be dropped but finished with status UNKNOWN_TRANSACTION
01-19 12:49:02.915 18035 18080 I droid.deskclock: oneway function results for code 1599295570 on binder at 0xb4000074debb1540 will be dropped but finished with status UNKNOWN_TRANSACTION
01-19 12:49:02.916  5648  5667 I android.manager: oneway function results for code 1599295570 on binder at 0xb4000074dec82640 will be dropped but finished with status UNKNOWN_TRANSACTION
01-19 12:49:02.916  5538  5581 I ter.soterserver: oneway function results for code 1599295570 on binder at 0xb4000074dec82420 will be dropped but finished with status UNKNOWN_TRANSACTION
01-19 12:49:02.916 19037 19059 I d.process.acore: oneway function results for code 1599295570 on binder at 0xb4000074deba6160 will be dropped but finished with status UNKNOWN_TRANSACTION
01-19 12:49:02.917 20857 20947 I ui.aod:settings: oneway function results for code 1599295570 on binder at 0xb4000074deb8aea0 will be dropped but finished with status UNKNOWN_TRANSACTION
01-19 12:49:02.917  5584  5617 I mi.NetworkBoost: oneway function results for code 1599295570 on binder at 0xb4000074dec82500 will be dropped but finished with status UNKNOWN_TRANSACTION
01-19 12:49:02.917  3459 24483 I iaomi.bluetooth: oneway function results for code 1599295570 on binder at 0xb4000074fc4514e0 will be dropped but finished with status UNKNOWN_TRANSACTION
01-19 12:49:02.917  3440  4383 I com.miui.home: oneway function results for code 1599295570 on binder at 0xb4000074fc451400 will be dropped but finished with status UNKNOWN_TRANSACTION
01-19 12:49:02.917  5620  5647 I .xiaomi.devauth: oneway function results for code 1599295570 on binder at 0xb4000074dec82600 will be dropped but finished with status UNKNOWN_TRANSACTION
01-19 12:49:02.918 11286 13474 I opjohnwu.magisk: oneway function results for code 1599295570 on binder at 0xb4000074fc4e9f00 will be dropped but finished with status UNKNOWN_TRANSACTION
01-19 12:49:02.918  3951 17559 I com.qti.qcc: oneway function results for code 1599295570 on binder at 0xb4000074deb90220 will be dropped but finished with status UNKNOWN_TRANSACTION
01-19 12:49:02.919  5383  5407 I system  : oneway function results for code 1599295570 on binder at 0xb4000074deb90ee0 will be dropped but finished with status UNKNOWN_TRANSACTION
01-19 12:49:02.919  8508  8599 I process.mediaUI: oneway function results for code 1599295570 on binder at 0xb4000074fc449b60 will be dropped but finished with status UNKNOWN_TRANSACTION
01-19 12:49:02.919 18830 18885 I recorder:remote: oneway function results for code 1599295570 on binder at 0xb4000074debb1fe0 will be dropped but finished with status UNKNOWN_TRANSACTION
01-19 12:49:02.919 32056 32077 I ssioncontroller: oneway function results for code 1599295570 on binder at 0xb40000750c5ccd80 will be dropped but finished with status UNKNOWN_TRANSACTION
01-19 12:49:02.918 26915 26915 W com.android.settings: type=1400 audit(0.0:20973): avc: denied { call } for comm=4173796E635461736B202334 scontext=u:r:system_app:s0 tcontext=u:r:hal_power_default:s0 tclass=binder permissive=0
01-19 12:49:02.920 18361 18721 I com.miui.video: oneway function results for code 1599295570 on binder at 0xb4000074debb1740 will be dropped but finished with status UNKNOWN_TRANSACTION
01-19 12:49:02.921 16919 17313 I ui.cloudservice: oneway function results for code 1599295570 on binder at 0xb4000074debb53c0 will be dropped but finished with status UNKNOWN_TRANSACTION
01-19 12:49:02.921 26915 19217 E JavaBinder: !!! FAILED BINDER TRANSACTION !!!  (parcel size = 0)
01-19 12:49:02.922  3906 13470 I com.miui.hybrid: oneway function results for code 1599295570 on binder at 0xb4000074deba71e0 will be dropped but finished with status UNKNOWN_TRANSACTION
01-19 12:49:02.922 10835 10971 I com.modemdebug: oneway function results for code 1599295570 on binder at 0xb4000074fc4e9980 will be dropped but finished with status UNKNOWN_TRANSACTION
01-19 12:49:02.922  9104 14800 I webview_service: oneway function results for code 1599295570 on binder at 0xb40000750c5cb8c0 will be dropped but finished with status UNKNOWN_TRANSACTION
01-19 12:49:02.923 18130 18163 I i.accessibility: oneway function results for code 1599295570 on binder at 0xb4000074debb17a0 will be dropped but finished with status UNKNOWN_TRANSACTION
01-19 12:49:02.923 31100 31117 I iui.voiceassist: oneway function results for code 1599295570 on binder at 0xb40000750c5cc8c0 will be dropped but finished with status UNKNOWN_TRANSACTION
01-19 12:49:02.923 11026 11131 I com.xiaomi.mtb: oneway function results for code 1599295570 on binder at 0xb4000074fc4e9d40 will be dropped but finished with status UNKNOWN_TRANSACTION
01-19 12:49:02.924 14739 14793 I .android.camera: oneway function results for code 1599295570 on binder at 0xb4000074fc4495a0 will be dropped but finished with status UNKNOWN_TRANSACTION
01-19 12:49:02.924 18954 18974 I i.poweroffalarm: oneway function results for code 1599295570 on binder at 0xb4000074deba7080 will be dropped but finished with status UNKNOWN_TRANSACTION
01-19 12:49:02.925 31324 31343 I ster:micleansdk: oneway function results for code 1599295570 on binder at 0xb40000750c5cca40 will be dropped but finished with status UNKNOWN_TRANSACTION
01-19 12:49:02.926 19072 19128 I ervice:provider: oneway function results for code 1599295570 on binder at 0xb4000074deba61e0 will be dropped but finished with status UNKNOWN_TRANSACTION
01-19 12:49:02.925 31159 15156 I id.thememanager: oneway function results for code 1599295570 on binder at 0xb40000750c5cc900 will be dropped but finished with status UNKNOWN_TRANSACTION
01-19 12:49:02.926 18096 18127 I android.browser: oneway function results for code 1599295570 on binder at 0xb4000074debb1700 will be dropped but finished with status UNKNOWN_TRANSACTION
01-19 12:49:02.927 18700 18723 I ocessService0:0: oneway function results for code 1599295570 on binder at 0xb4000074debb1f20 will be dropped but finished with status UNKNOWN_TRANSACTION
01-19 12:49:02.927 18666 18692 I aomi.vipaccount: oneway function results for code 1599295570 on binder at 0xb4000074debb1f20 will be dropped but finished with status UNKNOWN_TRANSACTION
01-19 12:49:02.927 10509 32096 I .polaris:remote: oneway function results for code 1599295570 on binder at 0xb4000074fc4e96a0 will be dropped but finished with status UNKNOWN_TRANSACTION
01-19 12:49:02.900  4080  4118 I ackageinstaller: oneway function results for code 1599295570 on binder at 0xb4000074deba72a0 will be dropped but finished with status UNKNOWN_TRANSACTION
01-19 12:49:02.915 14366 14384 I re.connectivity: oneway function results for code 1599295570 on binder at 0xb40000750c5cc0a0 will be dropped but finished with status UNKNOWN_TRANSACTION
01-19 12:49:02.928 18146 18323 I om.miui.gallery: oneway function results for code 1599295570 on binder at 0xb4000074debb17a0 will be dropped but finished with status UNKNOWN_TRANSACTION
01-19 12:49:02.929  6004  6032 I .location.fused: oneway function results for code 1599295570 on binder at 0xb4000074dec82c80 will be dropped but finished with status UNKNOWN_TRANSACTION
01-19 12:49:02.930  8995 11330 I utoregistration: oneway function results for code 1599295570 on binder at 0xb4000074fc449f00 will be dropped but finished with status UNKNOWN_TRANSACTION
01-19 12:49:02.930 10665 10695 I ystemAdSolution: oneway function results for code 1599295570 on binder at 0xb4000074fc4e9680 will be dropped but finished with status UNKNOWN_TRANSACTION
01-19 12:49:02.930 16844 17314 I .miui.tsmclient: oneway function results for code 1599295570 on binder at 0xb4000074debb5320 will be dropped but finished with status UNKNOWN_TRANSACTION
01-19 12:49:02.931 18514 18571 I sibility.common: oneway function results for code 1599295570 on binder at 0xb4000074debb1ac0 will be dropped but finished with status UNKNOWN_TRANSACTION
01-19 12:49:02.931 14497 14530 I .screenrecorder: oneway function results for code 1599295570 on binder at 0xb40000750c5cc9e0 will be dropped but finished with status UNKNOWN_TRANSACTION
01-19 12:49:02.932 14869 14892 I ctivate.service: oneway function results for code 1599295570 on binder at 0xb4000074debb80e0 will be dropped but finished with status UNKNOWN_TRANSACTION
01-19 12:49:02.974  1312  1312 D MI-SF   : [FpsStat] distroy...
01-19 12:49:03.005 26915 19217 E JavaBinder: !!! FAILED BINDER TRANSACTION !!!  (parcel size = 0)
01-19 12:49:03.002 26915 26915 W com.android.settings: type=1400 audit(0.0:20974): avc: denied { call } for comm=4173796E635461736B202334 scontext=u:r:system_app:s0 tcontext=u:r:system_suspend:s0 tclass=binder permissive=0
01-19 12:49:03.079  5584  8143 I NetworkAccelerateSwitchService: EVENT_RSSI_POLL
01-19 12:49:03.080  5584  8143 I NetworkAccelerateSwitchService: getAverageWifiRssi:41
01-19 12:49:03.167  5336  6592 D NfcService: updateMuteByCam: false
01-19 12:49:03.167  5336  5336 D NfcService: updatePollConfig: mMuteByCam=false, mMuteByMic=false, mMuteByDispatcher=false, screen=8
01-19 12:49:03.169  5336  5336 I libnfc_nci: [INFO:NativeNfcManager.cpp(2975)] mutePollingConfigState=0,screen_state_mask=8
01-19 12:49:03.169  5336  5336 I libnfc_nci: [INFO:NativeNfcManager.cpp(2984)] Screen state is not changed.
01-19 12:49:03.191  1916  1925 E Parcel  : Expecting header 0x53595354 but found 0x0. Mixing copies of libbinder?
01-19 12:49:03.194 26915 19217 I SystemPropPoker: Someone wrote a bad service 'miui.fdpp' that doesn't like to be poked
01-19 12:49:03.194 26915 19217 I SystemPropPoker: java.lang.SecurityException
01-19 12:49:03.194 26915 19217 I SystemPropPoker: 	at android.os.BinderProxy.transactNative(Native Method)
01-19 12:49:03.194 26915 19217 I SystemPropPoker: 	at android.os.BinderProxy.transact(BinderProxy.java:646)
01-19 12:49:03.194 26915 19217 I SystemPropPoker: 	at com.android.settingslib.development.SystemPropPoker$PokerTask.doInBackground(SystemPropPoker.java:86)
01-19 12:49:03.194 26915 19217 I SystemPropPoker: 	at com.android.settingslib.development.SystemPropPoker$PokerTask.doInBackground(SystemPropPoker.java:62)
01-19 12:49:03.194 26915 19217 I SystemPropPoker: 	at android.os.AsyncTask$3.call(AsyncTask.java:394)
01-19 12:49:03.194 26915 19217 I SystemPropPoker: 	at java.util.concurrent.FutureTask.run(FutureTask.java:264)
01-19 12:49:03.194 26915 19217 I SystemPropPoker: 	at android.os.AsyncTask$SerialExecutor$1.run(AsyncTask.java:305)
01-19 12:49:03.194 26915 19217 I SystemPropPoker: 	at java.util.concurrent.ThreadPoolExecutor.runWorker(ThreadPoolExecutor.java:1137)
01-19 12:49:03.194 26915 19217 I SystemPropPoker: 	at java.util.concurrent.ThreadPoolExecutor$Worker.run(ThreadPoolExecutor.java:637)
01-19 12:49:03.194 26915 19217 I SystemPropPoker: 	at java.lang.Thread.run(Thread.java:1012)
01-19 12:49:03.214  5074  5074 W binder:5074_1: type=1400 audit(0.0:20975): avc: denied { dac_override } for capability=1 scontext=u:r:mcd:s0 tcontext=u:r:mcd:s0 tclass=capability permissive=0
01-19 12:49:03.214  5074  5074 W binder:5074_1: type=1400 audit(0.0:20976): avc: denied { dac_override } for capability=1 scontext=u:r:mcd:s0 tcontext=u:r:mcd:s0 tclass=capability permissive=0
01-19 12:49:03.218  5074  5074 W binder:5074_1: type=1400 audit(0.0:20977): avc: denied { dac_override } for capability=1 scontext=u:r:mcd:s0 tcontext=u:r:mcd:s0 tclass=capability permissive=0
01-19 12:49:03.218  5074  5074 W binder:5074_1: type=1400 audit(0.0:20978): avc: denied { dac_override } for capability=1 scontext=u:r:mcd:s0 tcontext=u:r:mcd:s0 tclass=capability permissive=0
01-19 12:49:03.237  5336  6592 D NfcService: updateMuteByCam: false
01-19 12:49:03.237  5336  5336 D NfcService: updatePollConfig: mMuteByCam=false, mMuteByMic=false, mMuteByDispatcher=false, screen=8
01-19 12:49:03.241  5336  5336 I libnfc_nci: [INFO:NativeNfcManager.cpp(2975)] mutePollingConfigState=0,screen_state_mask=8
01-19 12:49:03.241  5336  5336 I libnfc_nci: [INFO:NativeNfcManager.cpp(2984)] Screen state is not changed.
01-19 12:49:03.272  1998  3041 D MIUIInput: [MotionEvent] publisher action=0x4, 42724521, channel 'd7fb48 NavigationBar0 (server)'
01-19 12:49:03.272  1998  3041 D MIUIInput: [MotionEvent] publisher action=0x0, 42724521, channel '6c16f9a com.android.settings/com.android.settings.SubSettings (server)'
01-19 12:49:03.273  1998  3041 D MIUIInput: [MotionEvent] publisher action=0x0, 42724521, channel '[Gesture Monitor] miui-gesture (server)'
01-19 12:49:03.276 26915 19217 E JavaBinder: !!! FAILED BINDER TRANSACTION !!!  (parcel size = 0)
01-19 12:49:03.276 26915 19217 E JavaBinder: !!! FAILED BINDER TRANSACTION !!!  (parcel size = 0)
01-19 12:49:03.277   640   640 E SELinux : avc:  denied  { find } for pid=26915 uid=1000 name=suspend_control scontext=u:r:system_app:s0 tcontext=u:object_r:system_suspend_control_service:s0 tclass=service_manager permissive=0
01-19 12:49:03.277   640   640 E SELinux : avc:  denied  { find } for pid=26915 uid=1000 name=suspend_control_internal scontext=u:r:system_app:s0 tcontext=u:object_r:system_suspend_control_internal_service:s0 tclass=service_manager permissive=0
01-19 12:49:03.285  1118  1118 W libc    : Access denied finding property "persist.sys.log_time_gap_sec"
