01-19 12:49:08.790  3440  8794 E ActivityManagerWrapper: getRecentTasks: mainTaskId=66   userId=0   baseIntent=Intent { act=android.intent.action.MAIN flag=270532608 cmp=ComponentInfo{com.android.settings/com.android.settings.MainSettings} }
01-19 12:49:08.790  3440  8794 E ActivityManagerWrapper: getRecentTasks: mainTaskId=64   userId=0   baseIntent=Intent { act=android.intent.action.MAIN flag=270532608 cmp=ComponentInfo{com.topjohnwu.magisk/com.topjohnwu.magisk.ui.MainActivity} }
01-19 12:49:08.790  3440  8794 E ActivityManagerWrapper: getRecentTasks: mainTaskId=60   userId=0   baseIntent=Intent { act=android.settings.APPLICATION_DEVELOPMENT_SETTINGS flag=268468224 cmp=ComponentInfo{com.android.settings/com.android.settings.Settings$DevelopmentSettingsDashboardActivity} }
01-19 12:49:08.790  3440  8794 E ActivityManagerWrapper: getRecentTasks: mainTaskId=59   userId=0   baseIntent=Intent { act=android.intent.action.MAIN flag=270532608 cmp=ComponentInfo{tv.danmaku.bili/tv.danmaku.bili.MainActivityV2} }
01-19 12:49:08.858  1111  1247 I MiStcImpl: Dispatching command: 14 SET_IGC_DITHER
01-19 12:49:08.858  1111  1247 E MiStcImpl: Seting Display 0 dither en 1 strength 5
01-19 12:49:08.859  1118  1118 E vendor.qti.hardware.perf@2.2-service: Unknown params
01-19 12:49:08.859  1118  1251 E ANDR-PERF-OPTSHANDLER: Can't process request: noroot_thread is not running
01-19 12:49:08.859  1118  1251 E ANDR-PERF-RESOURCEQS: Failed to apply optimization [7, 3]
01-19 12:49:08.887  1032  2534 E CamX    : [ERROR][NCS    ] camxncsintfqsee.cpp:2355 FillSensorData() Invalid sensor index -1
01-19 12:49:08.895 26915 26915 D SettingsActivity: Executed frag manager pendingTransactions
01-19 12:49:08.897 26915 26915 E DynamicRefreshRate recy: dynamic is not enable
01-19 12:49:08.898 26915 26915 E RecommendFilter: getListByPageIndex not found:-1
01-19 12:49:08.900 26915 26915 D GraphicsDriverDashboard: NO dashboard tiles for GraphicsDriverDashboard
01-19 12:49:08.900 26915 26915 D GraphicsDriverDashboard: All preferences added, reporting fully drawn
01-19 12:49:08.909 12203 12269 D IdProviderImpl: getOAID from com.miui.analytics
01-19 12:49:08.911 26915 19217 D SettingsActivity: No enabled state changed, skipping updateCategory call
01-19 12:49:08.911 26915 19434 W SharedPreferencesLogger: Tried to log unloggable object=
01-19 12:49:08.912 12203 12269 D IdProviderImpl: getOAID from com.miui.analytics
01-19 12:49:08.912 26915 26915 D CategoryMixin: Skip categories update
01-19 12:49:08.914 26915 26915 D DecorView[]: getWindowModeFromSystem  windowmode is 1
01-19 12:49:08.914 26915 26915 D DecorView[]: updateDecorCaptionStatus windowMode is 1
01-19 12:49:08.916  3440  3440 D RecentsImpl: mActivityStateObserver com.android.settings.SubSettings
01-19 12:49:08.916  3440  3440 W RecentsImpl: onResumed className=com.android.settings.SubSettings   mIsInAnotherPro=false   isKeyguardLocked=false   mSecuritySpaceGuideShown=false
01-19 12:49:08.916  3440  4145 W RecentsImpl: disableTouchBySwipeStatusBar    disable=false
01-19 12:49:08.916  3440  4145 D GestureStubView_Touch: disableTouchBySwipeStatusBar    old=false   new=false
01-19 12:49:08.916  3440  4145 D GestureStubView_Touch: disableTouchBySwipeStatusBar    old=false   new=false
01-19 12:49:08.916  3440  4145 W RecentsImpl: disableBackStubWindow    disableTouch=false
01-19 12:49:08.916  3440  4145 D GestureStubView_Touch: disableTouch    old=false   new=false
01-19 12:49:08.916  3440  4145 D GestureStubView_Touch: disableTouch    old=false   new=false
01-19 12:49:08.916  3440  3440 D RecentsImpl: showNavStubView
01-19 12:49:08.916  3440  4145 D RecentsImpl: showBackStubWindow  hasNavigationBar=true
01-19 12:49:08.916  3440  3440 D NavStubView_Touch: setKeepHidden    old=false   new=false
01-19 12:49:08.916  3440  4145 D GestureStubView_Touch: setKeepHidden    old=false   new=false
01-19 12:49:08.916  3440  4145 W GestureStubView: adaptRotation   currentRotation=0   mRotation=0
01-19 12:49:08.917  3440  4145 D GestureStubView: resetRenderProperty: showGestureStub   isLayoutParamChanged=false
01-19 12:49:08.917 31100 19435 I VA_ActivityStateHelper: activityResumed componentName ComponentInfo{com.android.settings/com.android.settings.SubSettings}
01-19 12:49:08.917  3440  4145 D GestureStubView_Touch: disableTouch    old=false   new=false
01-19 12:49:08.917  3440  4145 D GestureStubView: showGestureStub
01-19 12:49:08.917  3440  4145 D GestureStubView_Touch: setKeepHidden    old=true   new=false
01-19 12:49:08.917  3440  4145 D GestureStubView_Touch: updateTouchable    old=true   new=false
01-19 12:49:08.917  3440  4145 D GestureStubView_Touch:   updateTouchable---requestApplyInsets
01-19 12:49:08.917 31100 19435 I VA_ActivityStateHelper: activityResumed activity is com.android.settings.SubSettings-com.android.settings.development.graphicsdriver.GraphicsDriverDashboard
01-19 12:49:08.917  3440  4145 W GestureStubView: adaptRotation   currentRotation=0   mRotation=0
01-19 12:49:08.917  3440  4145 D GestureStubView: resetRenderProperty: showGestureStub   isLayoutParamChanged=false
01-19 12:49:08.917  3440  4145 D GestureStubView_Touch: disableTouch    old=false   new=false
01-19 12:49:08.917  3440  4145 D GestureStubView: showGestureStub
01-19 12:49:08.917 31100 19435 I VA_ActivityStateHelper: checkFrequencyControl
01-19 12:49:08.917 31100 19435 I VA_ActivityStateHelper: isSpecialTime
01-19 12:49:08.918 31100 19435 I VA_ActivityStateHelper: isInAppList
01-19 12:49:08.918 31100 19435 I VA_ActivityStateHelper: isInAppList appList is null
01-19 12:49:08.918 31100 19435 I VA_ActivityStateHelper: checkFrequencyControl not in app list
01-19 12:49:08.918  1312  2493 D MI-SF   : [FpsStat] construct...
01-19 12:49:08.918 31100 19435 I VA_ActivityStateHelper: activityResumed checkFrequencyControl is false
01-19 12:49:08.919  1998  4518 D SurfaceControl: nativeSetScreenProjection ===> setScreenProjection
01-19 12:49:08.919  1998  4518 D SurfaceControl: nativeSetScreenProjection ===> setScreenProjection
01-19 12:49:08.922  3440  4145 D GestureStubView: gatherTransparentRegion: need render w:72  h:1920
01-19 12:49:08.922  3440  4145 D GestureStubView: gatherTransparentRegion: need render w:72  h:1920
01-19 12:49:08.923  1312  2493 I SurfaceFlinger: setTransactionState focusRequest transactionId:8581344662378 frontWin:267c0ca com.android.settings/com.android.settings.SubSettings
01-19 12:49:08.925  1312  1312 I SurfaceFlinger: transactionIsReadyToBeApplied focusRequest transactionId:8581344662378
01-19 12:49:08.925  1312  1312 I SurfaceFlinger: addInputWindowCommands hasChanges
01-19 12:49:08.937 26915 13433 W Parcel  : Expecting binder but got null!
01-19 12:49:08.938 26915 26915 D DecorView[]: onWindowFocusChanged hasWindowFocus false
01-19 12:49:08.943  1118  1118 E vendor.qti.hardware.perf@2.2-service: Unknown params
01-19 12:49:08.943  1998  2232 I ActivityTaskManager: Displayed com.android.settings/.SubSettings: +282ms
01-19 12:49:08.944  1118  1118 E vendor.qti.hardware.perf@2.2-service: Unknown params
01-19 12:49:08.944  1998  2232 I ActivityTaskManager: Fully drawn com.android.settings/.SubSettings: +282ms
01-19 12:49:08.959  1111  1439 E SDM     : HWCSession::GetClientTargetProperty: GetClinetTargetProperty interface enter
01-19 12:49:08.961  1118  1251 E ANDR-PERF-OPTSHANDLER: Cannot open/create foreground cgroup file
01-19 12:49:08.958  1118  1118 W perf@2.2-servic: type=1400 audit(0.0:21000): avc: denied { dac_override } for capability=1 scontext=u:r:vendor_hal_perf_default:s0 tcontext=u:r:vendor_hal_perf_default:s0 tclass=capability permissive=0
01-19 12:49:08.963  1312  1312 I MI-SF   : surfaceflinger setAffinity mode=1
01-19 12:49:08.963  1312  1312 I MI-SF   : surfaceflinger setreAffinity reTid=1453
01-19 12:49:08.965 26915 26915 D DecorView[]: onWindowFocusChanged hasWindowFocus true
01-19 12:49:08.965 26915 26915 I HandWritingStubImpl: refreshLastKeyboardType: 1
01-19 12:49:08.965 26915 26915 I HandWritingStubImpl: getCurrentKeyboardType: 1
01-19 12:49:08.968  1111  1439 E SDM     : HWCSession::GetClientTargetProperty: GetClinetTargetProperty interface enter
01-19 12:49:08.966  1118  1118 W perf@2.2-servic: type=1400 audit(0.0:21001): avc: denied { dac_override } for capability=1 scontext=u:r:vendor_hal_perf_default:s0 tcontext=u:r:vendor_hal_perf_default:s0 tclass=capability permissive=0
01-19 12:49:08.968  1118  1251 E ANDR-PERF-OPTSHANDLER: Cannot open/create foreground cgroup file
01-19 12:49:08.969  7864  7864 E BaseInputMethodService: onFinishInput
01-19 12:49:08.969  7864  7864 E BaseInputMethodService: onStartInput
01-19 12:49:08.976  1111  1439 E SDM     : HWCSession::GetClientTargetProperty: GetClinetTargetProperty interface enter
01-19 12:49:08.977  1118  1251 E ANDR-PERF-OPTSHANDLER: Cannot open/create foreground cgroup file
01-19 12:49:08.974  1118  1118 W perf@2.2-servic: type=1400 audit(0.0:21002): avc: denied { dac_override } for capability=1 scontext=u:r:vendor_hal_perf_default:s0 tcontext=u:r:vendor_hal_perf_default:s0 tclass=capability permissive=0
01-19 12:49:08.984  1111  1439 E SDM     : HWCSession::GetClientTargetProperty: GetClinetTargetProperty interface enter
01-19 12:49:08.985  1118  1251 E ANDR-PERF-OPTSHANDLER: Cannot open/create foreground cgroup file
01-19 12:49:08.992  1111  1439 E SDM     : HWCSession::GetClientTargetProperty: GetClinetTargetProperty interface enter
01-19 12:49:08.993  1118  1251 E ANDR-PERF-OPTSHANDLER: Cannot open/create foreground cgroup file
01-19 12:49:09.001  1111  1439 E SDM     : HWCSession::GetClientTargetProperty: GetClinetTargetProperty interface enter
01-19 12:49:09.001  1118  1251 E ANDR-PERF-OPTSHANDLER: Cannot open/create foreground cgroup file
01-19 12:49:09.009  1111  1439 E SDM     : HWCSession::GetClientTargetProperty: GetClinetTargetProperty interface enter
01-19 12:49:09.009  1118  1251 E ANDR-PERF-OPTSHANDLER: Cannot open/create foreground cgroup file
01-19 12:49:09.017  1111  1439 E SDM     : HWCSession::GetClientTargetProperty: GetClinetTargetProperty interface enter
01-19 12:49:09.017  1118  1251 E ANDR-PERF-OPTSHANDLER: Cannot open/create foreground cgroup file
01-19 12:49:09.025  1111  1439 E SDM     : HWCSession::GetClientTargetProperty: GetClinetTargetProperty interface enter
01-19 12:49:09.026  1118  1251 E ANDR-PERF-OPTSHANDLER: Cannot open/create foreground cgroup file
01-19 12:49:09.034  1111  1439 E SDM     : HWCSession::GetClientTargetProperty: GetClinetTargetProperty interface enter
01-19 12:49:09.034  1118  1251 E ANDR-PERF-OPTSHANDLER: Cannot open/create foreground cgroup file
01-19 12:49:09.042  1111  1439 E SDM     : HWCSession::GetClientTargetProperty: GetClinetTargetProperty interface enter
01-19 12:49:09.042  1118  1251 E ANDR-PERF-OPTSHANDLER: Cannot open/create foreground cgroup file
01-19 12:49:09.050  1111  1439 E SDM     : HWCSession::GetClientTargetProperty: GetClinetTargetProperty interface enter
01-19 12:49:09.051  1118  1251 E ANDR-PERF-OPTSHANDLER: Cannot open/create foreground cgroup file
01-19 12:49:09.058  1111  1439 E SDM     : HWCSession::GetClientTargetProperty: GetClinetTargetProperty interface enter
01-19 12:49:09.059  1118  1251 E ANDR-PERF-OPTSHANDLER: Cannot open/create foreground cgroup file
01-19 12:49:09.067  1111  1439 E SDM     : HWCSession::GetClientTargetProperty: GetClinetTargetProperty interface enter
01-19 12:49:09.067  1118  1251 E ANDR-PERF-OPTSHANDLER: Cannot open/create foreground cgroup file
01-19 12:49:09.075  1111  1439 E SDM     : HWCSession::GetClientTargetProperty: GetClinetTargetProperty interface enter
01-19 12:49:09.075  1118  1251 E ANDR-PERF-OPTSHANDLER: Cannot open/create foreground cgroup file
01-19 12:49:09.085  1111  1439 E SDM     : HWCSession::GetClientTargetProperty: GetClinetTargetProperty interface enter
01-19 12:49:09.085  1118  1251 E ANDR-PERF-OPTSHANDLER: Cannot open/create system background cgroup file
01-19 12:49:09.086  1118  1251 E ANDR-PERF-OPTSHANDLER: Cannot open/create foreground cgroup file
01-19 12:49:09.088  1032  2534 E CamX    : [ERROR][NCS    ] camxncsintfqsee.cpp:2355 FillSensorData() Invalid sensor index -1
01-19 12:49:09.092  5584  8143 I NetworkAccelerateSwitchService: EVENT_RSSI_POLL
01-19 12:49:09.092  1111  1439 E SDM     : HWCSession::GetClientTargetProperty: GetClinetTargetProperty interface enter
01-19 12:49:09.093  1118  1251 E ANDR-PERF-OPTSHANDLER: Cannot open/create foreground cgroup file
01-19 12:49:09.093  5584  8143 I NetworkAccelerateSwitchService: getAverageWifiRssi:42
01-19 12:49:09.101  1111  1439 E SDM     : HWCSession::GetClientTargetProperty: GetClinetTargetProperty interface enter
01-19 12:49:09.102  1118  1251 E ANDR-PERF-OPTSHANDLER: Cannot open/create foreground cgroup file
01-19 12:49:09.109  1111  1439 E SDM     : HWCSession::GetClientTargetProperty: GetClinetTargetProperty interface enter
01-19 12:49:09.109  1118  1251 E ANDR-PERF-OPTSHANDLER: Cannot open/create foreground cgroup file
01-19 12:49:09.118  1111  1439 E SDM     : HWCSession::GetClientTargetProperty: GetClinetTargetProperty interface enter
01-19 12:49:09.118  1118  1251 E ANDR-PERF-OPTSHANDLER: Cannot open/create foreground cgroup file
01-19 12:49:09.121  3440  4145 D GestureStubView_Touch: setKeepHidden    old=false   new=false
01-19 12:49:09.121  3440  4145 D GestureStubView: handleMessage MSG_RESET_GESTURE_STUB_TOUCHABLE
01-19 12:49:09.126  1111  1439 E SDM     : HWCSession::GetClientTargetProperty: GetClinetTargetProperty interface enter
01-19 12:49:09.127  1118  1251 E ANDR-PERF-OPTSHANDLER: Cannot open/create foreground cgroup file
01-19 12:49:09.134  1111  1439 E SDM     : HWCSession::GetClientTargetProperty: GetClinetTargetProperty interface enter
01-19 12:49:09.134  1118  1251 E ANDR-PERF-OPTSHANDLER: Cannot open/create foreground cgroup file
01-19 12:49:09.143  1111  1439 E SDM     : HWCSession::GetClientTargetProperty: GetClinetTargetProperty interface enter
01-19 12:49:09.143  1118  1251 E ANDR-PERF-OPTSHANDLER: Cannot open/create foreground cgroup file
01-19 12:49:09.150  1111  1439 E SDM     : HWCSession::GetClientTargetProperty: GetClinetTargetProperty interface enter
01-19 12:49:09.151  1118  1251 E ANDR-PERF-OPTSHANDLER: Cannot open/create foreground cgroup file
01-19 12:49:09.159  1111  1439 E SDM     : HWCSession::GetClientTargetProperty: GetClinetTargetProperty interface enter
01-19 12:49:09.159  1118  1251 E ANDR-PERF-OPTSHANDLER: Cannot open/create foreground cgroup file
01-19 12:49:09.168  1111  1439 E SDM     : HWCSession::GetClientTargetProperty: GetClinetTargetProperty interface enter
01-19 12:49:09.169  1118  1251 E ANDR-PERF-OPTSHANDLER: Cannot open/create foreground cgroup file
01-19 12:49:09.175  1111  1439 E SDM     : HWCSession::GetClientTargetProperty: GetClinetTargetProperty interface enter
01-19 12:49:09.176  1118  1251 E ANDR-PERF-OPTSHANDLER: Cannot open/create foreground cgroup file
01-19 12:49:09.184  1111  1439 E SDM     : HWCSession::GetClientTargetProperty: GetClinetTargetProperty interface enter
01-19 12:49:09.184  1118  1251 E ANDR-PERF-OPTSHANDLER: Cannot open/create foreground cgroup file
01-19 12:49:09.192  1111  1439 E SDM     : HWCSession::GetClientTargetProperty: GetClinetTargetProperty interface enter
01-19 12:49:09.193  1118  1251 E ANDR-PERF-OPTSHANDLER: Cannot open/create foreground cgroup file
01-19 12:49:09.200  1111  1439 E SDM     : HWCSession::GetClientTargetProperty: GetClinetTargetProperty interface enter
01-19 12:49:09.201  1118  1251 E ANDR-PERF-OPTSHANDLER: Cannot open/create foreground cgroup file
01-19 12:49:09.209  1111  1439 E SDM     : HWCSession::GetClientTargetProperty: GetClinetTargetProperty interface enter
01-19 12:49:09.210  1118  1251 E ANDR-PERF-OPTSHANDLER: Cannot open/create foreground cgroup file
01-19 12:49:09.217  1111  1439 E SDM     : HWCSession::GetClientTargetProperty: GetClinetTargetProperty interface enter
01-19 12:49:09.217  1118  1251 E ANDR-PERF-OPTSHANDLER: Cannot open/create foreground cgroup file
01-19 12:49:09.226  1111  1439 E SDM     : HWCSession::GetClientTargetProperty: GetClinetTargetProperty interface enter
01-19 12:49:09.227  1118  1251 E ANDR-PERF-OPTSHANDLER: Cannot open/create foreground cgroup file
01-19 12:49:09.233  1111  1439 E SDM     : HWCSession::GetClientTargetProperty: GetClinetTargetProperty interface enter
01-19 12:49:09.234  1118  1251 E ANDR-PERF-OPTSHANDLER: Cannot open/create foreground cgroup file
01-19 12:49:09.242  1111  1439 E SDM     : HWCSession::GetClientTargetProperty: GetClinetTargetProperty interface enter
01-19 12:49:09.244  1118  1251 E ANDR-PERF-OPTSHANDLER: Cannot open/create foreground cgroup file
01-19 12:49:09.250  1111  1439 E SDM     : HWCSession::GetClientTargetProperty: GetClinetTargetProperty interface enter
01-19 12:49:09.251  1118  1251 E ANDR-PERF-OPTSHANDLER: Cannot open/create foreground cgroup file
01-19 12:49:09.260  1111  1439 E SDM     : HWCSession::GetClientTargetProperty: GetClinetTargetProperty interface enter
01-19 12:49:09.260  1118  1251 E ANDR-PERF-OPTSHANDLER: Cannot open/create foreground cgroup file
01-19 12:49:09.267  1111  1439 E SDM     : HWCSession::GetClientTargetProperty: GetClinetTargetProperty interface enter
01-19 12:49:09.268  1118  1251 E ANDR-PERF-OPTSHANDLER: Cannot open/create foreground cgroup file
01-19 12:49:09.269  2005  3634 W libc    : Access denied finding property "persist.sys.log_time_gap_sec"
01-19 12:49:09.269  2005  3634 W libc    : Access denied finding property "persist.sys.log_max_line"
01-19 12:49:09.269  2005  3634 W libc    : Access denied finding property "persist.sys.log_filter_flag"
01-19 12:49:09.268  2005  3634 D libsensor-B2SNotifier: Backlight2SlpiNotifier brightness = 364
01-19 12:49:09.271  1017  1184 W libc    : Access denied finding property "persist.sys.log_time_gap_sec"
01-19 12:49:09.271  1017  1184 W libc    : Access denied finding property "persist.sys.log_max_line"
01-19 12:49:09.271  1017  1184 W libc    : Access denied finding property "persist.sys.log_filter_flag"
01-19 12:49:09.270  1017  1184 E minksocket: MinkIPC_QRTR_Service: client with node 1 port 4afb went down
01-19 12:49:09.272  1017  1184 E minksocket: MinkIPC_QRTR_Service: client with node 1 port 4afc went down
01-19 12:49:09.272  1017  1184 E minksocket: MinkIPC_QRTR_Service: client with node 1 port 4afd went down
01-19 12:49:09.273  1017  1184 E minksocket: MinkIPC_QRTR_Service: client with node 1 port 4afe went down
01-19 12:49:09.274  1017  1184 E minksocket: MinkIPC_QRTR_Service: client with node 1 port 4aff went down
01-19 12:49:09.276  1111  1439 E SDM     : HWCSession::GetClientTargetProperty: GetClinetTargetProperty interface enter
01-19 12:49:09.276  1017  1184 E minksocket: MinkIPC_QRTR_Service: client with node 1 port 4b00 went down
01-19 12:49:09.277  1118  1251 E ANDR-PERF-OPTSHANDLER: Cannot open/create foreground cgroup file
01-19 12:49:09.284  1111  1439 E SDM     : HWCSession::GetClientTargetProperty: GetClinetTargetProperty interface enter
01-19 12:49:09.285  2005  3634 D libsensor-B2SNotifier: Backlight2SlpiNotifier brightness = 363
01-19 12:49:09.285  1118  1251 E ANDR-PERF-OPTSHANDLER: Cannot open/create foreground cgroup file
01-19 12:49:09.286  1017  1184 E minksocket: MinkIPC_QRTR_Service: client with node 1 port 4b01 went down
01-19 12:49:09.287  1017  1184 E minksocket: MinkIPC_QRTR_Service: client with node 1 port 4b02 went down
01-19 12:49:09.288  1017  1184 E minksocket: MinkIPC_QRTR_Service: client with node 1 port 4b03 went down
01-19 12:49:09.289  1017  1184 E minksocket: MinkIPC_QRTR_Service: client with node 1 port 4b04 went down
01-19 12:49:09.290  1017  1184 E minksocket: MinkIPC_QRTR_Service: client with node 1 port 4b05 went down
01-19 12:49:09.292  1111  1439 E SDM     : HWCSession::GetClientTargetProperty: GetClinetTargetProperty interface enter
01-19 12:49:09.292  1118  1251 E ANDR-PERF-OPTSHANDLER: Cannot open/create foreground cgroup file
01-19 12:49:09.292  1017  1184 E minksocket: MinkIPC_QRTR_Service: client with node 1 port 4b06 went down
01-19 12:49:09.293  2005  3634 D libsensor-B2SNotifier: Backlight2SlpiNotifier brightness = 363
01-19 12:49:09.294  1017  1184 E minksocket: MinkIPC_QRTR_Service: client with node 1 port 4b07 went down
01-19 12:49:09.295  1017  1184 E minksocket: MinkIPC_QRTR_Service: client with node 1 port 4b08 went down
01-19 12:49:09.296  1017  1184 E minksocket: MinkIPC_QRTR_Service: client with node 1 port 4b09 went down
01-19 12:49:09.297  1017  1184 E minksocket: MinkIPC_QRTR_Service: client with node 1 port 4b0a went down
01-19 12:49:09.297  1017  1184 E minksocket: MinkIPC_QRTR_Service: client with node 1 port 4b0b went down
01-19 12:49:09.300  1111  1439 E SDM     : HWCSession::GetClientTargetProperty: GetClinetTargetProperty interface enter
01-19 12:49:09.300  1017  1184 E minksocket: MinkIPC_QRTR_Service: client with node 1 port 4b0c went down
01-19 12:49:09.300  1118  1251 E ANDR-PERF-OPTSHANDLER: Cannot open/create foreground cgroup file
01-19 12:49:09.309  1111  1439 E SDM     : HWCSession::GetClientTargetProperty: GetClinetTargetProperty interface enter
01-19 12:49:09.310  1118  1251 E ANDR-PERF-OPTSHANDLER: Cannot open/create foreground cgroup file
01-19 12:49:09.310  2005  3634 D libsensor-B2SNotifier: Backlight2SlpiNotifier brightness = 362
01-19 12:49:09.311  1017  1184 E minksocket: MinkIPC_QRTR_Service: client with node 1 port 4b0d went down
01-19 12:49:09.313  1017  1184 E minksocket: MinkIPC_QRTR_Service: client with node 1 port 4b0e went down
01-19 12:49:09.315  1017  1184 E minksocket: MinkIPC_QRTR_Service: client with node 1 port 4b0f went down
01-19 12:49:09.317  1017  1184 E minksocket: MinkIPC_QRTR_Service: client with node 1 port 4b10 went down
01-19 12:49:09.317  1111  1439 E SDM     : HWCSession::GetClientTargetProperty: GetClinetTargetProperty interface enter
01-19 12:49:09.318  1118  1251 E ANDR-PERF-OPTSHANDLER: Cannot open/create foreground cgroup file
01-19 12:49:09.318  1017  1184 E minksocket: MinkIPC_QRTR_Service: client with node 1 port 4b11 went down
01-19 12:49:09.320  1017  1184 E minksocket: MinkIPC_QRTR_Service: client with node 1 port 4b12 went down
01-19 12:49:09.325  1111  1439 E SDM     : HWCSession::GetClientTargetProperty: GetClinetTargetProperty interface enter
01-19 12:49:09.326  2005  3634 D libsensor-B2SNotifier: Backlight2SlpiNotifier brightness = 362
01-19 12:49:09.327  1118  1251 E ANDR-PERF-OPTSHANDLER: Cannot open/create foreground cgroup file
01-19 12:49:09.327  1017  1184 E minksocket: MinkIPC_QRTR_Service: client with node 1 port 4b13 went down
01-19 12:49:09.329  1017  1184 E minksocket: MinkIPC_QRTR_Service: client with node 1 port 4b14 went down
01-19 12:49:09.332  1017  1184 E minksocket: MinkIPC_QRTR_Service: client with node 1 port 4b15 went down
01-19 12:49:09.333  1111  1439 E SDM     : HWCSession::GetClientTargetProperty: GetClinetTargetProperty interface enter
01-19 12:49:09.334  1118  1251 E ANDR-PERF-OPTSHANDLER: Cannot open/create foreground cgroup file
01-19 12:49:09.334  1017  1184 E minksocket: MinkIPC_QRTR_Service: client with node 1 port 4b16 went down
01-19 12:49:09.336  1017  1184 E minksocket: MinkIPC_QRTR_Service: client with node 1 port 4b17 went down
01-19 12:49:09.339  1017  1184 E minksocket: MinkIPC_QRTR_Service: client with node 1 port 4b18 went down
01-19 12:49:09.342  1111  1439 E SDM     : HWCSession::GetClientTargetProperty: GetClinetTargetProperty interface enter
01-19 12:49:09.342  1118  1251 E ANDR-PERF-OPTSHANDLER: Cannot open/create foreground cgroup file
01-19 12:49:09.343  2005  3634 D libsensor-B2SNotifier: Backlight2SlpiNotifier brightness = 361
01-19 12:49:09.344  1017  1184 E minksocket: MinkIPC_QRTR_Service: client with node 1 port 4b19 went down
01-19 12:49:09.346  1017  1184 E minksocket: MinkIPC_QRTR_Service: client with node 1 port 4b1a went down
01-19 12:49:09.347  1017  1184 E minksocket: MinkIPC_QRTR_Service: client with node 1 port 4b1b went down
01-19 12:49:09.349  1017  1184 E minksocket: MinkIPC_QRTR_Service: client with node 1 port 4b1c went down
01-19 12:49:09.349  1111  1439 E SDM     : HWCSession::GetClientTargetProperty: GetClinetTargetProperty interface enter
01-19 12:49:09.350  1118  1251 E ANDR-PERF-OPTSHANDLER: Cannot open/create foreground cgroup file
01-19 12:49:09.350  1017  1184 E minksocket: MinkIPC_QRTR_Service: client with node 1 port 4b1d went down
01-19 12:49:09.354  2005  3634 D libsensor-B2SNotifier: Backlight2SlpiNotifier brightness = 361
01-19 12:49:09.354  1017  1184 E minksocket: MinkIPC_QRTR_Service: client with node 1 port 4b1e went down
01-19 12:49:09.357  1017  1184 E minksocket: MinkIPC_QRTR_Service: client with node 1 port 4b1f went down
01-19 12:49:09.358  1111  1439 E SDM     : HWCSession::GetClientTargetProperty: GetClinetTargetProperty interface enter
01-19 12:49:09.359  1017  1184 E minksocket: MinkIPC_QRTR_Service: client with node 1 port 4b20 went down
01-19 12:49:09.359  1111  1247 I MiStcImpl: Dispatching command: 14 SET_IGC_DITHER
01-19 12:49:09.359  1111  1247 E MiStcImpl: Seting Display 0 dither en 0 strength 5
01-19 12:49:09.359  1118  1251 E ANDR-PERF-OPTSHANDLER: Cannot open/create foreground cgroup file
01-19 12:49:09.360  1017  1184 E minksocket: MinkIPC_QRTR_Service: client with node 1 port 4b21 went down
01-19 12:49:09.362  1017  1184 E minksocket: MinkIPC_QRTR_Service: client with node 1 port 4b22 went down
01-19 12:49:09.365  1017  1184 E minksocket: MinkIPC_QRTR_Service: client with node 1 port 4b23 went down
01-19 12:49:09.367  1111  1439 E SDM     : HWCSession::GetClientTargetProperty: GetClinetTargetProperty interface enter
01-19 12:49:09.367  1118  1251 E ANDR-PERF-OPTSHANDLER: Cannot open/create foreground cgroup file
01-19 12:49:09.369  2005  3634 D libsensor-B2SNotifier: Backlight2SlpiNotifier brightness = 360
01-19 12:49:09.370  1017  1184 E minksocket: MinkIPC_QRTR_Service: client with node 1 port 4b24 went down
01-19 12:49:09.371  1017  1184 E minksocket: MinkIPC_QRTR_Service: client with node 1 port 4b25 went down
01-19 12:49:09.372  1017  1184 E minksocket: MinkIPC_QRTR_Service: client with node 1 port 4b26 went down
01-19 12:49:09.373  1017  1184 E minksocket: MinkIPC_QRTR_Service: client with node 1 port 4b27 went down
01-19 12:49:09.374  1111  1439 E SDM     : HWCSession::GetClientTargetProperty: GetClinetTargetProperty interface enter
01-19 12:49:09.375  1118  1251 E ANDR-PERF-OPTSHANDLER: Cannot open/create foreground cgroup file
01-19 12:49:09.376  1017  1184 E minksocket: MinkIPC_QRTR_Service: client with node 1 port 4b28 went down
01-19 12:49:09.377  1017  1184 E minksocket: MinkIPC_QRTR_Service: client with node 1 port 4b29 went down
01-19 12:49:09.380  1017  1184 E minksocket: MinkIPC_QRTR_Service: client with node 1 port 4b2a went down
01-19 12:49:09.383  1111  1439 E SDM     : HWCSession::GetClientTargetProperty: GetClinetTargetProperty interface enter
01-19 12:49:09.383  1118  1251 E ANDR-PERF-OPTSHANDLER: Cannot open/create foreground cgroup file
01-19 12:49:09.384  1083 16634 E sensors-hal: handle_sns_client_event:52, gesture_detect_event: ts=179096142540231, event=1.000000
01-19 12:49:09.385  2005  3634 D libsensor-B2SNotifier: Backlight2SlpiNotifier brightness = 360
01-19 12:49:09.385  1017  1184 E minksocket: MinkIPC_QRTR_Service: client with node 1 port 4b2b went down
01-19 12:49:09.386  1017  1184 E minksocket: MinkIPC_QRTR_Service: client with node 1 port 4b2c went down
01-19 12:49:09.387  1017  1184 E minksocket: MinkIPC_QRTR_Service: client with node 1 port 4b2d went down
01-19 12:49:09.389  1017  1184 E minksocket: MinkIPC_QRTR_Service: client with node 1 port 4b2e went down
01-19 12:49:09.390  1017  1184 E minksocket: MinkIPC_QRTR_Service: client with node 1 port 4b2f went down
01-19 12:49:09.391  1111  1439 E SDM     : HWCSession::GetClientTargetProperty: GetClinetTargetProperty interface enter
01-19 12:49:09.392  1118  1251 E ANDR-PERF-OPTSHANDLER: Cannot open/create foreground cgroup file
01-19 12:49:09.395  1017  1184 E minksocket: MinkIPC_QRTR_Service: client with node 1 port 4b30 went down
01-19 12:49:09.399  1111  1439 E SDM     : HWCSession::GetClientTargetProperty: GetClinetTargetProperty interface enter
01-19 12:49:09.400  1118  1251 E ANDR-PERF-OPTSHANDLER: Cannot open/create foreground cgroup file
01-19 12:49:09.401  2005  3634 D libsensor-B2SNotifier: Backlight2SlpiNotifier brightness = 359
01-19 12:49:09.402  1017  1184 E minksocket: MinkIPC_QRTR_Service: client with node 1 port 4b31 went down
01-19 12:49:09.402  1017  1184 E minksocket: MinkIPC_QRTR_Service: client with node 1 port 4b32 went down
01-19 12:49:09.403  1017  1184 E minksocket: MinkIPC_QRTR_Service: client with node 1 port 4b33 went down
01-19 12:49:09.404  1017  1184 E minksocket: MinkIPC_QRTR_Service: client with node 1 port 4b34 went down
01-19 12:49:09.405  1017  1184 E minksocket: MinkIPC_QRTR_Service: client with node 1 port 4b35 went down
01-19 12:49:09.408  1111  1439 E SDM     : HWCSession::GetClientTargetProperty: GetClinetTargetProperty interface enter
01-19 12:49:09.406  1118  1118 W perf@2.2-servic: type=1400 audit(0.0:21062): avc: denied { dac_override } for capability=1 scontext=u:r:vendor_hal_perf_default:s0 tcontext=u:r:vendor_hal_perf_default:s0 tclass=capability permissive=0
01-19 12:49:09.409  1118  1251 E ANDR-PERF-OPTSHANDLER: Cannot open/create foreground cgroup file
01-19 12:49:09.410  2005  3634 D libsensor-B2SNotifier: Backlight2SlpiNotifier brightness = 359
01-19 12:49:09.410  1017  1184 E minksocket: MinkIPC_QRTR_Service: client with node 1 port 4b36 went down
01-19 12:49:09.413  1017  1184 E minksocket: MinkIPC_QRTR_Service: client with node 1 port 4b37 went down
01-19 12:49:09.414  1017  1184 E minksocket: MinkIPC_QRTR_Service: client with node 1 port 4b38 went down
01-19 12:49:09.416  1111  1439 E SDM     : HWCSession::GetClientTargetProperty: GetClinetTargetProperty interface enter
01-19 12:49:09.417  1017  1184 E minksocket: MinkIPC_QRTR_Service: client with node 1 port 4b39 went down
01-19 12:49:09.417  1118  1251 E ANDR-PERF-OPTSHANDLER: Cannot open/create foreground cgroup file
01-19 12:49:09.414  1118  1118 W perf@2.2-servic: type=1400 audit(0.0:21063): avc: denied { dac_override } for capability=1 scontext=u:r:vendor_hal_perf_default:s0 tcontext=u:r:vendor_hal_perf_default:s0 tclass=capability permissive=0
01-19 12:49:09.418  1017  1184 E minksocket: MinkIPC_QRTR_Service: client with node 1 port 4b3a went down
01-19 12:49:09.419  1017  1184 E minksocket: MinkIPC_QRTR_Service: client with node 1 port 4b3b went down
01-19 12:49:09.421  1017  1184 E minksocket: MinkIPC_QRTR_Service: client with node 1 port 4b3c went down
01-19 12:49:09.425  1111  1439 E SDM     : HWCSession::GetClientTargetProperty: GetClinetTargetProperty interface enter
01-19 12:49:09.425  1118  1251 E ANDR-PERF-OPTSHANDLER: Cannot open/create foreground cgroup file
01-19 12:49:09.422  1118  1118 W perf@2.2-servic: type=1400 audit(0.0:21064): avc: denied { dac_override } for capability=1 scontext=u:r:vendor_hal_perf_default:s0 tcontext=u:r:vendor_hal_perf_default:s0 tclass=capability permissive=0
01-19 12:49:09.426  2005  3634 D libsensor-B2SNotifier: Backlight2SlpiNotifier brightness = 358
01-19 12:49:09.427  1017  1184 E minksocket: MinkIPC_QRTR_Service: client with node 1 port 4b3d went down
01-19 12:49:09.428  1017  1184 E minksocket: MinkIPC_QRTR_Service: client with node 1 port 4b3e went down
01-19 12:49:09.429  1017  1184 E minksocket: MinkIPC_QRTR_Service: client with node 1 port 4b3f went down
01-19 12:49:09.429  1017  1184 E minksocket: MinkIPC_QRTR_Service: client with node 1 port 4b40 went down
01-19 12:49:09.430  1017  1184 E minksocket: MinkIPC_QRTR_Service: client with node 1 port 4b41 went down
01-19 12:49:09.433  1111  1439 E SDM     : HWCSession::GetClientTargetProperty: GetClinetTargetProperty interface enter
01-19 12:49:09.433  1118  1251 E ANDR-PERF-OPTSHANDLER: Cannot open/create foreground cgroup file
01-19 12:49:09.434  1017  1184 E minksocket: MinkIPC_QRTR_Service: client with node 1 port 4b42 went down
01-19 12:49:09.430  1118  1118 W perf@2.2-servic: type=1400 audit(0.0:21065): avc: denied { dac_override } for capability=1 scontext=u:r:vendor_hal_perf_default:s0 tcontext=u:r:vendor_hal_perf_default:s0 tclass=capability permissive=0
01-19 12:49:09.442  1111  1439 E SDM     : HWCSession::GetClientTargetProperty: GetClinetTargetProperty interface enter
01-19 12:49:09.449  1111  1439 E SDM     : HWCSession::GetClientTargetProperty: GetClinetTargetProperty interface enter
01-19 12:49:09.450 16879 16900 I MemoryOptimizationService: start handleMemoryIntent -> 
01-19 12:49:09.450 16879 16900 I MemoryOptimizationService: optimized Pkg Name -> com.android.settings
01-19 12:49:09.450 16879 16900 I MemoryOptimizationService: Optimized pacakge map contains key.
01-19 12:49:09.450 16879 16900 I MemoryOptimizationService: Old data is removed [Handler (com.android.settings.services.MemoryOptimizationService$MemoryHandler) {3a64e39}] -> com.android.settings
01-19 12:49:09.450 16879 16900 I MemoryOptimizationService: Send message delayed -> com.android.settings , 30000
01-19 12:49:09.450  1118  1251 E ANDR-PERF-OPTSHANDLER: Cannot open/create foreground cgroup file
01-19 12:49:09.446  1118  1118 W perf@2.2-servic: type=1400 audit(0.0:21066): avc: denied { dac_override } for capability=1 scontext=u:r:vendor_hal_perf_default:s0 tcontext=u:r:vendor_hal_perf_default:s0 tclass=capability permissive=0
01-19 12:49:09.451  1118  1251 E ANDR-PERF-OPTSHANDLER: Cannot open/create foreground cgroup file
01-19 12:49:09.452  2005  3634 D libsensor-B2SNotifier: Backlight2SlpiNotifier brightness = 358
01-19 12:49:09.453  1017  1184 E minksocket: MinkIPC_QRTR_Service: client with node 1 port 4b43 went down
01-19 12:49:09.454  1017  1184 E minksocket: MinkIPC_QRTR_Service: client with node 1 port 4b44 went down
01-19 12:49:09.454  1017  1184 E minksocket: MinkIPC_QRTR_Service: client with node 1 port 4b45 went down
01-19 12:49:09.455  1017  1184 E minksocket: MinkIPC_QRTR_Service: client with node 1 port 4b46 went down
01-19 12:49:09.455  1017  1184 E minksocket: MinkIPC_QRTR_Service: client with node 1 port 4b47 went down
01-19 12:49:09.459  2005  3634 D libsensor-B2SNotifier: Backlight2SlpiNotifier brightness = 357
01-19 12:49:09.460  1017  1184 E minksocket: MinkIPC_QRTR_Service: client with node 1 port 4b48 went down
01-19 12:49:09.460  1017  1184 E minksocket: MinkIPC_QRTR_Service: client with node 1 port 4b49 went down
01-19 12:49:09.460  1017  1184 E minksocket: MinkIPC_QRTR_Service: client with node 1 port 4b4a went down
01-19 12:49:09.460  1118  1251 E ANDR-PERF-OPTSHANDLER: Cannot open/create system background cgroup file
01-19 12:49:09.461  1017  1184 E minksocket: MinkIPC_QRTR_Service: client with node 1 port 4b4b went down
01-19 12:49:09.461  1312  1312 I MI-SF   : surfaceflinger setAffinity mode=0
01-19 12:49:09.461  1017  1184 E minksocket: MinkIPC_QRTR_Service: client with node 1 port 4b4c went down
01-19 12:49:09.462  1017  1184 E minksocket: MinkIPC_QRTR_Service: client with node 1 port 4b4d went down
01-19 12:49:09.465  1017  1184 E minksocket: MinkIPC_QRTR_Service: client with node 1 port 4b4e went down
01-19 12:49:09.468  2005  3634 D libsensor-B2SNotifier: Backlight2SlpiNotifier brightness = 357
01-19 12:49:09.468  1017  1184 E minksocket: MinkIPC_QRTR_Service: client with node 1 port 4b4f went down
01-19 12:49:09.469  1017  1184 E minksocket: MinkIPC_QRTR_Service: client with node 1 port 4b50 went down
01-19 12:49:09.469  1017  1184 E minksocket: MinkIPC_QRTR_Service: client with node 1 port 4b51 went down
01-19 12:49:09.470  1017  1184 E minksocket: MinkIPC_QRTR_Service: client with node 1 port 4b52 went down
01-19 12:49:09.470  1017  1184 E minksocket: MinkIPC_QRTR_Service: client with node 1 port 4b53 went down
01-19 12:49:09.473  1017  1184 E minksocket: MinkIPC_QRTR_Service: client with node 1 port 4b54 went down
01-19 12:49:09.473  1312  1312 D MI-SF   : [FpsStat] distroy...
01-19 12:49:09.484  2005  3634 D libsensor-B2SNotifier: Backlight2SlpiNotifier brightness = 356
01-19 12:49:09.485  1017  1184 E minksocket: MinkIPC_QRTR_Service: client with node 1 port 4b55 went down
01-19 12:49:09.486  1017  1184 E minksocket: MinkIPC_QRTR_Service: client with node 1 port 4b56 went down
01-19 12:49:09.486  1017  1184 E minksocket: MinkIPC_QRTR_Service: client with node 1 port 4b57 went down
01-19 12:49:09.487  1017  1184 E minksocket: MinkIPC_QRTR_Service: client with node 1 port 4b58 went down
01-19 12:49:09.488  1017  1184 E minksocket: MinkIPC_QRTR_Service: client with node 1 port 4b59 went down
01-19 12:49:09.490  1017  1184 E minksocket: MinkIPC_QRTR_Service: client with node 1 port 4b5a went down
01-19 12:49:09.494  1998  3068 I MiuiNetworkPolicy: bandwidth: 0 KB/s, Max bandwidth: 2192 KB/s
01-19 12:49:09.496  2005  3634 D libsensor-B2SNotifier: Backlight2SlpiNotifier brightness = 356
01-19 12:49:09.497  1017  1184 E minksocket: MinkIPC_QRTR_Service: client with node 1 port 4b5b went down
01-19 12:49:09.497  1017  1184 E minksocket: MinkIPC_QRTR_Service: client with node 1 port 4b5c went down
01-19 12:49:09.498  1017  1184 E minksocket: MinkIPC_QRTR_Service: client with node 1 port 4b5d went down
01-19 12:49:09.498  1017  1184 E minksocket: MinkIPC_QRTR_Service: client with node 1 port 4b5e went down
01-19 12:49:09.499  1017  1184 E minksocket: MinkIPC_QRTR_Service: client with node 1 port 4b5f went down
01-19 12:49:09.501  1017  1184 E minksocket: MinkIPC_QRTR_Service: client with node 1 port 4b60 went down
01-19 12:49:09.514  2005  3634 D libsensor-B2SNotifier: Backlight2SlpiNotifier brightness = 355
01-19 12:49:09.514  1017  1184 E minksocket: MinkIPC_QRTR_Service: client with node 1 port 4b61 went down
01-19 12:49:09.517  1017  1184 E minksocket: MinkIPC_QRTR_Service: client with node 1 port 4b62 went down
01-19 12:49:09.519  1017  1184 E minksocket: MinkIPC_QRTR_Service: client with node 1 port 4b63 went down
01-19 12:49:09.521  1017  1184 E minksocket: MinkIPC_QRTR_Service: client with node 1 port 4b64 went down
01-19 12:49:09.522  1017  1184 E minksocket: MinkIPC_QRTR_Service: client with node 1 port 4b65 went down
01-19 12:49:09.524  1017  1184 E minksocket: MinkIPC_QRTR_Service: client with node 1 port 4b66 went down
01-19 12:49:09.530  2005  3634 D libsensor-B2SNotifier: Backlight2SlpiNotifier brightness = 355
01-19 12:49:09.531  1017  1184 E minksocket: MinkIPC_QRTR_Service: client with node 1 port 4b67 went down
01-19 12:49:09.531  1017  1184 E minksocket: MinkIPC_QRTR_Service: client with node 1 port 4b68 went down
01-19 12:49:09.532  1017  1184 E minksocket: MinkIPC_QRTR_Service: client with node 1 port 4b69 went down
01-19 12:49:09.532  1017  1184 E minksocket: MinkIPC_QRTR_Service: client with node 1 port 4b6a went down
01-19 12:49:09.533  1017  1184 E minksocket: MinkIPC_QRTR_Service: client with node 1 port 4b6b went down
01-19 12:49:09.536  1017  1184 E minksocket: MinkIPC_QRTR_Service: client with node 1 port 4b6c went down
01-19 12:49:09.538  2005  3634 D libsensor-B2SNotifier: Backlight2SlpiNotifier brightness = 354
01-19 12:49:09.539  1017  1184 E minksocket: MinkIPC_QRTR_Service: client with node 1 port 4b6d went down
01-19 12:49:09.539  1017  1184 E minksocket: MinkIPC_QRTR_Service: client with node 1 port 4b6e went down
01-19 12:49:09.540  1017  1184 E minksocket: MinkIPC_QRTR_Service: client with node 1 port 4b6f went down
01-19 12:49:09.542  1017  1184 E minksocket: MinkIPC_QRTR_Service: client with node 1 port 4b70 went down
01-19 12:49:09.543  1017  1184 E minksocket: MinkIPC_QRTR_Service: client with node 1 port 4b71 went down
01-19 12:49:09.545  1017  1184 E minksocket: MinkIPC_QRTR_Service: client with node 1 port 4b72 went down
01-19 12:49:09.559  2005  3634 D libsensor-B2SNotifier: Backlight2SlpiNotifier brightness = 354
01-19 12:49:09.560  1017  1184 E minksocket: MinkIPC_QRTR_Service: client with node 1 port 4b73 went down
01-19 12:49:09.561  1017  1184 E minksocket: MinkIPC_QRTR_Service: client with node 1 port 4b74 went down
01-19 12:49:09.564  1017  1184 E minksocket: MinkIPC_QRTR_Service: client with node 1 port 4b75 went down
01-19 12:49:09.568  1017  1184 E minksocket: MinkIPC_QRTR_Service: client with node 1 port 4b76 went down
01-19 12:49:09.570  1017  1184 E minksocket: MinkIPC_QRTR_Service: client with node 1 port 4b77 went down
01-19 12:49:09.573  1017  1184 E minksocket: MinkIPC_QRTR_Service: client with node 1 port 4b78 went down
01-19 12:49:09.575  2005  3634 D libsensor-B2SNotifier: Backlight2SlpiNotifier brightness = 353
01-19 12:49:09.575  1017  1184 E minksocket: MinkIPC_QRTR_Service: client with node 1 port 4b79 went down
01-19 12:49:09.576  1017  1184 E minksocket: MinkIPC_QRTR_Service: client with node 1 port 4b7a went down
01-19 12:49:09.578  1017  1184 E minksocket: MinkIPC_QRTR_Service: client with node 1 port 4b7b went down
01-19 12:49:09.580  1017  1184 E minksocket: MinkIPC_QRTR_Service: client with node 1 port 4b7c went down
01-19 12:49:09.584  1017  1184 E minksocket: MinkIPC_QRTR_Service: client with node 1 port 4b7d went down
01-19 12:49:09.586  1017  1184 E minksocket: MinkIPC_QRTR_Service: client with node 1 port 4b7e went down
01-19 12:49:09.592  2005  3634 D libsensor-B2SNotifier: Backlight2SlpiNotifier brightness = 353
01-19 12:49:09.592  1017  1184 E minksocket: MinkIPC_QRTR_Service: client with node 1 port 4b7f went down
01-19 12:49:09.595  1017  1184 E minksocket: MinkIPC_QRTR_Service: client with node 1 port 4b80 went down
01-19 12:49:09.597  1017  1184 E minksocket: MinkIPC_QRTR_Service: client with node 1 port 4b81 went down
01-19 12:49:09.600  1017  1184 E minksocket: MinkIPC_QRTR_Service: client with node 1 port 4b82 went down
01-19 12:49:09.602  1017  1184 E minksocket: MinkIPC_QRTR_Service: client with node 1 port 4b83 went down
01-19 12:49:09.603  1017  1184 E minksocket: MinkIPC_QRTR_Service: client with node 1 port 4b84 went down
01-19 12:49:09.608  2005  3634 D libsensor-B2SNotifier: Backlight2SlpiNotifier brightness = 352
01-19 12:49:09.608  1017  1184 E minksocket: MinkIPC_QRTR_Service: client with node 1 port 4b85 went down
01-19 12:49:09.611  1017  1184 E minksocket: MinkIPC_QRTR_Service: client with node 1 port 4b86 went down
01-19 12:49:09.613  1017  1184 E minksocket: MinkIPC_QRTR_Service: client with node 1 port 4b87 went down
01-19 12:49:09.615  1017  1184 E minksocket: MinkIPC_QRTR_Service: client with node 1 port 4b88 went down
01-19 12:49:09.617  1017  1184 E minksocket: MinkIPC_QRTR_Service: client with node 1 port 4b89 went down
01-19 12:49:09.621  1017  1184 E minksocket: MinkIPC_QRTR_Service: client with node 1 port 4b8a went down
01-19 12:49:09.621  2005  3634 D libsensor-B2SNotifier: Backlight2SlpiNotifier brightness = 352
01-19 12:49:09.622  1017  1184 E minksocket: MinkIPC_QRTR_Service: client with node 1 port 4b8b went down
01-19 12:49:09.624  1017  1184 E minksocket: MinkIPC_QRTR_Service: client with node 1 port 4b8c went down
01-19 12:49:09.628  1017  1184 E minksocket: MinkIPC_QRTR_Service: client with node 1 port 4b8d went down
01-19 12:49:09.629  1017  1184 E minksocket: MinkIPC_QRTR_Service: client with node 1 port 4b8e went down
01-19 12:49:09.632  1017  1184 E minksocket: MinkIPC_QRTR_Service: client with node 1 port 4b8f went down
01-19 12:49:09.636  2005  3634 D libsensor-B2SNotifier: Backlight2SlpiNotifier brightness = 351
01-19 12:49:09.636  1017  1184 E minksocket: MinkIPC_QRTR_Service: client with node 1 port 4b90 went down
01-19 12:49:09.638  1017  1184 E minksocket: MinkIPC_QRTR_Service: client with node 1 port 4b91 went down
01-19 12:49:09.639  1017  1184 E minksocket: MinkIPC_QRTR_Service: client with node 1 port 4b92 went down
01-19 12:49:09.642  1017  1184 E minksocket: MinkIPC_QRTR_Service: client with node 1 port 4b93 went down
01-19 12:49:09.644  1017  1184 E minksocket: MinkIPC_QRTR_Service: client with node 1 port 4b94 went down
01-19 12:49:09.646  1017  1184 E minksocket: MinkIPC_QRTR_Service: client with node 1 port 4b95 went down
01-19 12:49:09.647  1998  3068 I MiuiNetworkPolicy: updateUidState uid = 10168, uidState = 19
01-19 12:49:09.650  2005  3634 D libsensor-B2SNotifier: Backlight2SlpiNotifier brightness = 351
01-19 12:49:09.650  1017  1184 E minksocket: MinkIPC_QRTR_Service: client with node 1 port 4b96 went down
01-19 12:49:09.651  1017  1184 E minksocket: MinkIPC_QRTR_Service: client with node 1 port 4b97 went down
01-19 12:49:09.653  1017  1184 E minksocket: MinkIPC_QRTR_Service: client with node 1 port 4b98 went down
01-19 12:49:09.654  1017  1184 E minksocket: MinkIPC_QRTR_Service: client with node 1 port 4b99 went down
01-19 12:49:09.656  1017  1184 E minksocket: MinkIPC_QRTR_Service: client with node 1 port 4b9a went down
01-19 12:49:09.660  1017  1184 E minksocket: MinkIPC_QRTR_Service: client with node 1 port 4b9b went down
01-19 12:49:09.662  1017  1184 E minksocket: MinkIPC_QRTR_Service: client with node 1 port 4b9c went down
01-19 12:49:10.394  1998  2816 I android_os_HwBinder: HwBinder: Starting thread pool for getting: vendor.xiaomi.hw.touchfeature@1.0::ITouchFeature/default
01-19 12:49:10.417  1032  2534 E CamX    : [ERROR][NCS    ] camxncsintfqsee.cpp:2148 SensorCallback() Invalid sensor index -1
01-19 12:49:10.531  1118  1118 E vendor.qti.hardware.perf@2.2-service: Unknown params
01-19 12:49:10.533  1118  1251 E ANDR-PERF-OPTSHANDLER: Can't process request: noroot_thread is not running
01-19 12:49:10.533  1118  1251 E ANDR-PERF-RESOURCEQS: Failed to apply optimization [7, 3]
01-19 12:49:10.577  1998  3159 D SchedBoost: thread tid=26915, priority is set to -10
01-19 12:49:10.578  1998  3159 D SchedBoost: thread tid=13433, priority is set to -10
01-19 12:49:10.613  1032  2534 E CamX    : [ERROR][NCS    ] camxncsintfqsee.cpp:2355 FillSensorData() Invalid sensor index -1
01-19 12:49:10.878  1083 16631 E sensors-hal: handle_sns_client_event:54, hand_detect_event: ts=179097743340023, event=0.000000
01-19 12:49:10.885  1998  2816 I android_os_HwBinder: HwBinder: Starting thread pool for getting: vendor.xiaomi.hw.touchfeature@1.0::ITouchFeature/default
01-19 12:49:11.095  5584  8143 I NetworkAccelerateSwitchService: EVENT_RSSI_POLL
01-19 12:49:11.098  5584  8143 I NetworkAccelerateSwitchService: getAverageWifiRssi:43
01-19 12:49:12.500  1998  3068 I MiuiNetworkPolicy: bandwidth: 0 KB/s, Max bandwidth: 2192 KB/s
01-19 12:49:12.865  5584  7920 D SLM-SRV-SLAService: checktemp temperature = 28652 temperature_average = 28032 isPerformanceMode = false thermal_enable_slm = true
01-19 12:49:13.098  5584  8143 I NetworkAccelerateSwitchService: EVENT_RSSI_POLL
01-19 12:49:13.101  5584  8143 I NetworkAccelerateSwitchService: getAverageWifiRssi:44
01-19 12:49:13.144  7269  7269 I PowerKeeperBackgroundService: onStartCommand()
01-19 12:49:13.145  7269  7269 I PowerKeeperService: onAlarm
01-19 12:49:13.862  1118  1118 E vendor.qti.hardware.perf@2.2-service: Unknown params
01-19 12:49:13.863  1118  1251 E ANDR-PERF-OPTSHANDLER: Can't process request: noroot_thread is not running
01-19 12:49:13.863  1118  1251 E ANDR-PERF-RESOURCEQS: Failed to apply optimization [7, 3]
01-19 12:49:14.230 19551 19551 I MACE    : mace_run.cc:723 model name: conformer
01-19 12:49:14.230 19551 19551 I MACE    : mace_run.cc:724 mace version: v1.1.1-34-gc483487
01-19 12:49:14.230 19551 19551 I MACE    : mace_run.cc:725 input node: input,icache1,icache2,icache3,pos_emb_helper
01-19 12:49:14.230 19551 19551 I MACE    : mace_run.cc:726 input shape: 1,19,40:1,17,128:5,1,17,128:5,1,128,3:1
01-19 12:49:14.230 19551 19551 I MACE    : mace_run.cc:727 input data_type: 1,1,1,1,1
01-19 12:49:14.230 19551 19551 I MACE    : mace_run.cc:728 input data_format: NONE,NONE,NONE,NONE,NONE
01-19 12:49:14.230 19551 19551 I MACE    : mace_run.cc:729 output node: output,output_ce,ocache1,ocache2,ocache3
01-19 12:49:14.230 19551 19551 I MACE    : mace_run.cc:730 output shape: 1,4,439:1,4,439:1,17,128:5,1,17,128:5,1,128,3
01-19 12:49:14.230 19551 19551 I MACE    : mace_run.cc:731 input data_type: 1,1,1,1,1
01-19 12:49:14.230 19551 19551 I MACE    : mace_run.cc:732 output data_format: NONE,NONE,NONE,NONE,NONE
01-19 12:49:14.230 19551 19551 I MACE    : mace_run.cc:733 input_file: /data/local/tmp/mace_tmp/conformer/validate_in/conformer
01-19 12:49:14.230 19551 19551 I MACE    : mace_run.cc:734 output_file: /data/local/tmp/mace_tmp/conformer/validate_out/conformer
01-19 12:49:14.230 19551 19551 I MACE    : mace_run.cc:735 input dir: 
01-19 12:49:14.230 19551 19551 I MACE    : mace_run.cc:736 output dir: output
01-19 12:49:14.230 19551 19551 I MACE    : mace_run.cc:737 model_data_file: /data/local/tmp/mace_tmp/conformer/conformer.data
01-19 12:49:14.230 19551 19551 I MACE    : mace_run.cc:738 model_file: /data/local/tmp/mace_tmp/conformer/conformer.pb
01-19 12:49:14.230 19551 19551 I MACE    : mace_run.cc:739 accelerator_cache_policy: 0
01-19 12:49:14.230 19551 19551 I MACE    : mace_run.cc:740 accelerator_binary_file: 
01-19 12:49:14.230 19551 19551 I MACE    : mace_run.cc:741 accelerator_storage_file: 
01-19 12:49:14.230 19551 19551 I MACE    : mace_run.cc:742 apu_boost_hint: 100
01-19 12:49:14.230 19551 19551 I MACE    : mace_run.cc:743 apu_preference_hint: 1
01-19 12:49:14.230 19551 19551 I MACE    : mace_run.cc:744 round: 1
01-19 12:49:14.230 19551 19551 I MACE    : mace_run.cc:745 restart_round: 1
01-19 12:49:14.230 19551 19551 I MACE    : mace_run.cc:746 gpu_perf_hint: 3
01-19 12:49:14.230 19551 19551 I MACE    : mace_run.cc:747 gpu_priority_hint: 3
01-19 12:49:14.230 19551 19551 I MACE    : mace_run.cc:748 num_threads: -1
01-19 12:49:14.230 19551 19551 I MACE    : mace_run.cc:749 cpu_affinity_policy: 1
01-19 12:49:14.230 19551 19551 I MACE    : mace_run.cc:791 raw_output_data_types[0] is 1
01-19 12:49:14.230 19551 19551 I MACE    : mace_run.cc:791 raw_output_data_types[1] is 1
01-19 12:49:14.230 19551 19551 I MACE    : mace_run.cc:791 raw_output_data_types[2] is 1
