01-19 12:49:03.285  1118  1118 W libc    : Access denied finding property "persist.sys.log_max_line"
01-19 12:49:03.285  1118  1118 W libc    : Access denied finding property "persist.sys.log_filter_flag"
01-19 12:49:03.284  1118  1118 E vendor.qti.hardware.perf@2.2-service: Unknown params
01-19 12:49:03.286  1118  1251 E ANDR-PERF-OPTSHANDLER: Can't process request: noroot_thread is not running
01-19 12:49:03.286  1118  1251 E ANDR-PERF-RESOURCEQS: Failed to apply optimization [7, 3]
01-19 12:49:03.288   640   640 E SELinux : avc:  denied  { find } for pid=26915 uid=1000 name=tracing.proxy scontext=u:r:system_app:s0 tcontext=u:object_r:tracingproxy_service:s0 tclass=service_manager permissive=0
01-19 12:49:03.305  5075  5088 E Parcel  : Expecting header 0x53595354 but found 0x0. Mixing copies of libbinder?
01-19 12:49:03.316  1998  3041 D MIUIInput: [MotionEvent] publisher action=0x1, 42724568, channel '6c16f9a com.android.settings/com.android.settings.SubSettings (server)'
01-19 12:49:03.316  1998  3041 D MIUIInput: [MotionEvent] publisher action=0x1, 42724568, channel '[Gesture Monitor] miui-gesture (server)'
01-19 12:49:03.317 26915 19217 E JavaBinder: !!! FAILED BINDER TRANSACTION !!!  (parcel size = 0)
01-19 12:49:03.322 26915 19217 E JavaBinder: !!! FAILED BINDER TRANSACTION !!!  (parcel size = 0)
01-19 12:49:03.344  1998  4034 I HapticFeedbackUtil: 6,1,true
01-19 12:49:03.344  1267  1267 D vendor.hardware.vibratorfeature: configStrengthForEffect id : 6 , strength: 0.625000
01-19 12:49:03.346  1267  1267 D vendor.hardware.vibratorfeature: Vibrator perform effect 6
01-19 12:49:03.346  1267  1267 D vendor.hardware.vibratorfeature: uses mCurrMagnitudeExt 1.000000
01-19 12:49:03.346  1267  1267 D vendor.hardware.vibratorfeature: getAmplitudeFromEffectStrength 0.625000
01-19 12:49:03.346  1267  1267 D vendor.hardware.vibratorfeature: return from driver is 20
01-19 12:49:03.346  1267  1267 D vendor.hardware.vibratorfeature: playLengthMs is 70
01-19 12:49:03.346  1267 19400 D vendor.hardware.vibratorfeature: Starting perform on another thread
01-19 12:49:03.350  1312  1441 D MI-SF   : [FpsStat] construct...
01-19 12:49:03.351  1998  4034 D SurfaceControl: nativeSetScreenProjection ===> setScreenProjection
01-19 12:49:03.351  1998  4034 D SurfaceControl: nativeSetScreenProjection ===> setScreenProjection
01-19 12:49:03.358  1312  4235 I SurfaceFlinger: setTransactionState focusRequest transactionId:8581344662295 frontWin:7ea7a75 PopupWindow:251034a
01-19 12:49:03.363  1312  1312 I SurfaceFlinger: transactionIsReadyToBeApplied focusRequest transactionId:8581344662295
01-19 12:49:03.364  1312  1312 I SurfaceFlinger: addInputWindowCommands hasChanges
01-19 12:49:03.375 26915 13433 W Parcel  : Expecting binder but got null!
01-19 12:49:03.378 26915 26915 D DecorView[]: onWindowFocusChanged hasWindowFocus false
01-19 12:49:03.417  1267 19400 D vendor.hardware.vibratorfeature: Notifying perform complete
01-19 12:49:03.418  1267  1267 D vendor.hardware.vibratorfeature: QTI Vibrator off
01-19 12:49:03.418  1267  1267 D DynamicEffectThread: pause
01-19 12:49:03.418  1267  1267 D DynamicEffectDevice: FFDevice pause
01-19 12:49:03.489  1998  3068 I MiuiNetworkPolicy: bandwidth: 0 KB/s, Max bandwidth: 2192 KB/s
01-19 12:49:04.222  1998  3041 D MIUIInput: [MotionEvent] publisher action=0x4, 42725472, channel 'd7fb48 NavigationBar0 (server)'
01-19 12:49:04.223  1998  3041 D MIUIInput: [MotionEvent] publisher action=0x0, 42725472, channel '7ea7a75 PopupWindow:251034a (server)'
01-19 12:49:04.223  1998  3041 D MIUIInput: [MotionEvent] publisher action=0x0, 42725472, channel '[Gesture Monitor] miui-gesture (server)'
01-19 12:49:04.250  1118  1118 E vendor.qti.hardware.perf@2.2-service: Unknown params
01-19 12:49:04.251  1118  1251 E ANDR-PERF-OPTSHANDLER: Can't process request: noroot_thread is not running
01-19 12:49:04.251  1118  1251 E ANDR-PERF-RESOURCEQS: Failed to apply optimization [7, 3]
01-19 12:49:04.281  1118  1118 E vendor.qti.hardware.perf@2.2-service: Unknown params
01-19 12:49:04.282  1118  1118 E vendor.qti.hardware.perf@2.2-service: Unknown params
01-19 12:49:04.282  1118  1118 E vendor.qti.hardware.perf@2.2-service: Unknown params
01-19 12:49:04.284  1118  1118 E vendor.qti.hardware.perf@2.2-service: Unknown params
01-19 12:49:04.288  1032  2534 W libc    : Access denied finding property "persist.sys.log_time_gap_sec"
01-19 12:49:04.288  1032  2534 W libc    : Access denied finding property "persist.sys.log_max_line"
01-19 12:49:04.288  1032  2534 W libc    : Access denied finding property "persist.sys.log_filter_flag"
01-19 12:49:04.288  1032  2534 E CamX    : [ERROR][NCS    ] camxncsintfqsee.cpp:2355 FillSensorData() Invalid sensor index -1
01-19 12:49:04.286  1032  1032 W provider@2.4-se: type=1400 audit(0.0:20989): avc: denied { read } for name="u:object_r:system_prop:s0" dev="tmpfs" ino=13208 scontext=u:r:hal_camera_default:s0 tcontext=u:object_r:system_prop:s0 tclass=file permissive=0
01-19 12:49:04.286  1032  1032 W provider@2.4-se: type=1400 audit(0.0:20990): avc: denied { read } for name="u:object_r:system_prop:s0" dev="tmpfs" ino=13208 scontext=u:r:hal_camera_default:s0 tcontext=u:object_r:system_prop:s0 tclass=file permissive=0
01-19 12:49:04.478  1998  3041 D MIUIInput: [MotionEvent] publisher action=0x1, 42725729, channel '7ea7a75 PopupWindow:251034a (server)'
01-19 12:49:04.478  1998  3041 D MIUIInput: [MotionEvent] publisher action=0x1, 42725729, channel '[Gesture Monitor] miui-gesture (server)'
01-19 12:49:04.479  1118  1118 E vendor.qti.hardware.perf@2.2-service: Unknown params
01-19 12:49:04.479  1118  1118 E vendor.qti.hardware.perf@2.2-service: Unknown params
01-19 12:49:04.479  1118  1251 E ANDR-PERF-OPTSHANDLER: Perflock resource /sys/class/devfreq/soc:qcom,llccbw/min_freq not supported
01-19 12:49:04.480  1118  1251 E ANDR-PERF-RESOURCEQS: Failed to apply optimization [12, 0]
01-19 12:49:04.480  1118  1118 E vendor.qti.hardware.perf@2.2-service: Unknown params
01-19 12:49:04.480  1118  1118 E vendor.qti.hardware.perf@2.2-service: Unknown params
01-19 12:49:04.481  1118  1118 E vendor.qti.hardware.perf@2.2-service: Unknown params
01-19 12:49:04.629 26915 26935 I ndroid.settings: This is sticky GC, maxfree is 8388608 minfree is 2097152
01-19 12:49:05.081  5584  8143 I NetworkAccelerateSwitchService: EVENT_RSSI_POLL
01-19 12:49:05.083  5584  8143 I NetworkAccelerateSwitchService: getAverageWifiRssi:42
01-19 12:49:05.462  1118  1118 E vendor.qti.hardware.perf@2.2-service: Unknown params
01-19 12:49:05.464  1118  1251 E ANDR-PERF-OPTSHANDLER: Can't process request: noroot_thread is not running
01-19 12:49:05.464  1118  1251 E ANDR-PERF-RESOURCEQS: Failed to apply optimization [7, 3]
01-19 12:49:06.315  1118  1118 E vendor.qti.hardware.perf@2.2-service: Unknown params
01-19 12:49:06.317  1118  1251 E ANDR-PERF-OPTSHANDLER: Can't process request: noroot_thread is not running
01-19 12:49:06.317  1118  1251 E ANDR-PERF-RESOURCEQS: Failed to apply optimization [7, 3]
01-19 12:49:06.414 16879 16879 D MemoryOptimizationService: wifiDisplayOnSetting: false wifiP2pEnabled: false
01-19 12:49:06.418 16879 16879 I MemoryOptimizationService: kill process [Handler (com.android.settings.services.MemoryOptimizationService$MemoryHandler) {3a64e39}] [false]-> com.android.settings,true
01-19 12:49:06.418 16879 16879 D MemoryOptimizationService: Delay killing the Settings process -> 
01-19 12:49:06.418 16879 16879 I MemoryOptimizationService: Invalid message -> com.android.settings,1
01-19 12:49:06.418 16879 16879 I MemoryOptimizationService: kill process [Handler (com.android.settings.services.MemoryOptimizationService$MemoryHandler) {3a64e39}] [false]-> com.android.settings,true
01-19 12:49:06.418 16879 16879 D MemoryOptimizationService: Delay killing the Settings process -> 
01-19 12:49:06.492  1998  3068 I MiuiNetworkPolicy: bandwidth: 0 KB/s, Max bandwidth: 2192 KB/s
01-19 12:49:07.086  5584  8143 I NetworkAccelerateSwitchService: EVENT_RSSI_POLL
01-19 12:49:07.089  5584  8143 I NetworkAccelerateSwitchService: getAverageWifiRssi:42
01-19 12:49:07.131  3459 10467 D MiuiFastConnectService_Plugin: stopBleScan: scanning: true
01-19 12:49:07.132  3459 10467 D BluetoothAdapter: isLeEnabled(): ON
01-19 12:49:07.138 10266 12308 D BtGatt.GattService: stopScan() - queue size =2
01-19 12:49:07.141 10266 10362 I BtGatt.ScanManager: msg.what = MSG_STOP_BLE_SCAN, msg.arg1 = None
01-19 12:49:07.141 10266 10362 D BtGatt.ScanManager: track LE scan event: callerPackage = [com.xiaomi.bluetooth], scanMode = [0], reportDelayMillis = [0], behavior = [2], scannerId = [8], duration = [59937]
01-19 12:49:07.142 10266 10362 D BtGatt.ScanManager: handling stopping scan  [ScanClient scanModeApp 0 scanModeUsed 0 [appScanStats android.uid.bluetooth:1002]]
01-19 12:49:07.143 10266 12308 D BtGatt.GattService: unregisterScanner() - scannerId=8
01-19 12:49:07.147  1031  1031 W libc    : Access denied finding property "persist.sys.log_time_gap_sec"
01-19 12:49:07.147  1031  1031 W libc    : Access denied finding property "persist.sys.log_max_line"
01-19 12:49:07.148  1031  1031 W libc    : Access denied finding property "persist.sys.log_filter_flag"
01-19 12:49:07.147  1031  1031 D vendor.qti.bluetooth@1.0-ibs_handler: SerialClockVote: vote for UART CLK ON
01-19 12:49:07.142  1031  1031 W bluetooth@1.0-s: type=1400 audit(0.0:20991): avc: denied { read } for name="u:object_r:system_prop:s0" dev="tmpfs" ino=13208 scontext=u:r:hal_bluetooth_default:s0 tcontext=u:object_r:system_prop:s0 tclass=file permissive=0
01-19 12:49:07.142  1031  1031 W bluetooth@1.0-s: type=1400 audit(0.0:20992): avc: denied { read } for name="u:object_r:system_prop:s0" dev="tmpfs" ino=13208 scontext=u:r:hal_bluetooth_default:s0 tcontext=u:object_r:system_prop:s0 tclass=file permissive=0
01-19 12:49:07.148  1031  1031 D vendor.qti.bluetooth@1.0-wake_lock: Acquire wakelock is acquired 
01-19 12:49:07.148  1031  1031 I vendor.qti.bluetooth@1.0-ibs_handler: DeviceWakeUp: Writing IBS_WAKE_IND
01-19 12:49:07.146  1031  1031 W bluetooth@1.0-s: type=1400 audit(0.0:20993): avc: denied { read } for name="u:object_r:system_prop:s0" dev="tmpfs" ino=13208 scontext=u:r:hal_bluetooth_default:s0 tcontext=u:object_r:system_prop:s0 tclass=file permissive=0
01-19 12:49:07.154  1031 10380 I vendor.qti.bluetooth@1.0-ibs_handler: ProcessIbsCmd: Received IBS_WAKE_ACK: 0xFC
01-19 12:49:07.154  1031 10380 I vendor.qti.bluetooth@1.0-ibs_handler: ProcessIbsCmd: Signal wack_cond_
01-19 12:49:07.154  1031  1031 D vendor.qti.bluetooth@1.0-ibs_handler: DeviceWakeUp: Unblocked from waiting for FC, pthread_cond_timedwait ret = 0
01-19 12:49:07.155  1031 10380 I vendor.qti.bluetooth@1.0-ibs_handler: ProcessIbsCmd: Received IBS_WAKE_IND: 0xFD
01-19 12:49:07.155  1031 10380 I vendor.qti.bluetooth@1.0-ibs_handler: ProcessIbsCmd: Writing IBS_WAKE_ACK
01-19 12:49:07.156 10266 10335 D BtGatt.GattService: onScanFilterParamsConfigured() - clientIf=8, status=0, action=1, availableSpace=58
01-19 12:49:07.156 10266 10335 D BtGatt.ScanManager: callback done for scannerId - 8 status - 0
01-19 12:49:07.157 10266 10335 D BtGatt.GattService: onScanFilterParamsConfigured() - clientIf=8, status=0, action=1, availableSpace=59
01-19 12:49:07.157 10266 10335 D BtGatt.ScanManager: callback done for scannerId - 8 status - 0
01-19 12:49:07.158 10266 10335 D BtGatt.GattService: onScanFilterParamsConfigured() - clientIf=8, status=0, action=1, availableSpace=60
01-19 12:49:07.158 10266 10335 D BtGatt.ScanManager: callback done for scannerId - 8 status - 0
01-19 12:49:07.160 10266 10335 D BtGatt.GattService: onScanFilterParamsConfigured() - clientIf=8, status=0, action=1, availableSpace=61
01-19 12:49:07.160 10266 10335 D BtGatt.ScanManager: callback done for scannerId - 8 status - 0
01-19 12:49:07.161 10266 10335 D BtGatt.GattService: onScanFilterParamsConfigured() - clientIf=8, status=0, action=1, availableSpace=62
01-19 12:49:07.161 10266 10335 D BtGatt.ScanManager: callback done for scannerId - 8 status - 0
01-19 12:49:07.162 10266 10335 D BtGatt.GattService: onScanFilterParamsConfigured() - clientIf=8, status=0, action=1, availableSpace=63
01-19 12:49:07.162 10266 10335 D BtGatt.ScanManager: callback done for scannerId - 8 status - 0
01-19 12:49:07.162 10266 10362 D BtGatt.ScanManager: configureRegularScanParams() - queue=1
01-19 12:49:07.162 10266 10362 D BtGatt.ScanManager: configureRegularScanParams() - ScanSetting LE 1M Scan mode=0 ScanSetting LE Coded Scan mode=0 mLastConfiguredScanSettingLE1M=0 mLastConfiguredScanSettingLECoded=0 scanPhy=255
01-19 12:49:07.164 10266 10362 D BtGatt.ScanManager: configureRegularScanParams - scanInterval LE 1M = 660 configureRegularScanParams - scanWindow LE 1M= 66 configureRegularScanParams - scanInterval LE Coded= 660 configureRegularScanParams - scanWindow LE Coded= 66
01-19 12:49:07.165 10266 10335 D BtGatt.GattService: onScanParamSetupCompleted : 0
01-19 12:49:07.204  3459 10467 D MiuiFastConnectService_Plugin: handleMessage: MSG_START_BLE_SCAN mode: 0
01-19 12:49:07.204  3459 10467 D BluetoothAdapter: isLeEnabled(): ON
01-19 12:49:07.208 10266 12308 D BtGatt.GattService: registerScanner() - UUID=329323fa-7d02-448b-b76d-fe617afdf818
01-19 12:49:07.208  1031 10380 I vendor.qti.bluetooth@1.0-ibs_handler: ProcessIbsCmd: Received IBS_SLEEP_IND: 0xFE
01-19 12:49:07.209 10266 10335 D BtGatt.GattService: onScannerRegistered() - UUID=329323fa-7d02-448b-b76d-fe617afdf818, scannerId=8, status=0
01-19 12:49:07.209  3459  4812 D BluetoothLeScanner: onScannerRegistered() - status=0 scannerId=8 mScannerId=0
01-19 12:49:07.211 10266 12308 D BtGatt.GattService: start scan with filters. callingPackage: com.xiaomi.bluetooth
01-19 12:49:07.212 10266 12308 D BtGatt.GattService: enforcePrivilegedPermissionIfNeeded([BluetoothLeScanFilter [mDeviceName=null, mDeviceAddress=null, mUuid=null, mUuidMask=null, mServiceSolicitationUuid=null, mServiceSolicitationUuidMask=null, mServiceDataUuid=null, mServiceData=null, mServiceDataMask=null, mManufacturerId=911, mManufacturerData=[], mManufacturerDataMask=null, mAdvertisingDataType=-1, mAdvertisingData=null, mAdvertisingDataMask=null, mOrganizationId=-1, mTDSFlags=-1, mTDSFlagsMask=-1, mWifiNANHash=null], mGroupBasedFiltering=false, BluetoothLeScanFilter [mDeviceName=null, mDeviceAddress=null, mUuid=null, mUuidMask=null, mServiceSolicitationUuid=null, mServiceSolicitationUuidMask=null, mServiceDataUuid=null, mServiceData=null, mServiceDataMask=null, mManufacturerId=65535, mManufacturerData=[77], mManufacturerDataMask=null, mAdvertisingDataType=-1, mAdvertisingData=null, mAdvertisingDataMask=null, mOrganizationId=-1, mTDSFlags=-1, mTDSFlagsMask=-1, mWifiNANHash=null], mGroupBasedFiltering=false, BluetoothLeScanFilter [mDeviceName=null, mDeviceAddress=null, mUuid=null, mUuidMask=null, mServiceSolicitationUuid=null, mServiceSolicitationUuidMask=null, mServiceDataUuid=0000fe95-0000-1000-8000-00805f9b34fb, mServiceData=[], mServiceDataMask=null, mManufacturerId=-1, mManufacturerData=null, mManufacturerDataMask=null, mAdvertisingDataType=-1, mAdvertisingData=null, mAdvertisingDataMask=null, mOrganizationId=-1, mTDSFlags=-1, mTDSFlagsMask=-1, mWifiNANHash=null], mGroupBasedFiltering=false, BluetoothLeScanFilter [mDeviceName=null, mDeviceAddress=null, mUuid=null, mUuidMask=null, mServiceSolicitationUuid=null, mServiceSolicitationUuidMask=null, mServiceDataUuid=0000fdaa-0000-1000-8000-00805f9b34fb, mServiceData=[], mServiceDataMask=null, mManufacturerId=-1, mManufacturerData=null, mManufacturerDataMask=null, mAdvertisingDataType=-1, mAdvertisingData=null, mAdvertisingDataMask=null, mOrganizationId=-1, mTDSFlags=-1, mTDSFlagsMask=-1, mWifiNANHash=null], mGroupBasedFiltering=false, BluetoothLeScanFilter [mDeviceName=null, mDeviceAddress=null, mUuid=null, mUuidMask=null, mServiceSolicitationUuid=null, mServiceSolicitationUuidMask=null, mServiceDataUuid=0000fdee-0000-1000-8000-00805f9b34fb, mServiceData=[1, 1, 1], mServiceDataMask=null, mManufacturerId=-1, mManufacturerData=null, mManufacturerDataMask=null, mAdvertisingDataType=-1, mAdvertisingData=null, mAdvertisingDataMask=null, mOrganizationId=-1, mTDSFlags=-1, mTDSFlagsMask=-1, mWifiNANHash=null], mGroupBasedFiltering=false, BluetoothLeScanFilter [mDeviceName=null, mDeviceAddress=null, mUuid=null, mUuidMask=null, mServiceSolicitationUuid=null, mServiceSolicitationUuidMask=null, mServiceDataUuid=0000fd2d-0000-1000-8000-00805f9b34fb, mServiceData=[], mServiceDataMask=null, mManufacturerId=-1, mManufacturerData=null, mManufacturerDataMask=null, mAdvertisingDataType=-1, mAdvertisingData=null, mAdvertisingDataMask=null, mOrganizationId=-1, mTDSFlags=-1, mTDSFlagsMask=-1, mWifiNANHash=null], mGroupBasedFiltering=false])
01-19 12:49:07.215 10266 12308 W BluetoothUtils: callingUid is Process.BLUETOOTH_UID
01-19 12:49:07.217 10266 12308 D BtGatt.ScanManager: startScan()  [ScanClient scanModeApp 0 scanModeUsed 0 [appScanStats android.uid.bluetooth:1002]]
01-19 12:49:07.217 10266 10362 I BtGatt.ScanManager: msg.what = MSG_RECORD_CALLER, msg.arg1 = None
01-19 12:49:07.217 10266 10362 I BtGatt.ScanManager: msg.what = MSG_START_BLE_SCAN, msg.arg1 = None
01-19 12:49:07.217 10266 10362 D BtGatt.ScanManager: handling starting scan
01-19 12:49:07.218 10266 10362 D BtGatt.ScanManager: isAptXLowLatencyModeEnabled: false
01-19 12:49:07.218 10266 10362 D BtGatt.ScanManager: track LE scan event: callerPackage = [com.xiaomi.bluetooth], scanMode = [0], reportDelayMillis = [0], behavior = [1], scannerId = [8], duration = [0]
01-19 12:49:07.219  1031 10380 I vendor.qti.bluetooth@1.0-ibs_handler: ProcessIbsCmd: Received IBS_WAKE_IND: 0xFD
01-19 12:49:07.219  1031 10380 I vendor.qti.bluetooth@1.0-ibs_handler: ProcessIbsCmd: Writing IBS_WAKE_ACK
01-19 12:49:07.220 10266 10335 D BtGatt.GattService: onScanFilterEnableDisabled() - clientIf=8, status=0, action=1
01-19 12:49:07.220 10266 10335 D BtGatt.ScanManager: callback done for scannerId - 8 status - 0
01-19 12:49:07.220 10266 10362 D BtGatt.ScanManager: configureScanFilters rssiThreshold: -60, 15
01-19 12:49:07.220 10266 10362 D BtGatt.ScanManager: Available Filter size: 60
01-19 12:49:07.221 10266 10335 D BtGatt.GattService: onScanFilterConfig() - clientIf=8, action = 0 status = 0, filterType=0, availableSpace=0
01-19 12:49:07.221 10266 10335 D BtGatt.ScanManager: callback done for scannerId - 8 status - 0
01-19 12:49:07.221 10266 10362 D BtGatt.ScanManager: configureFilterParamter 500 10000 1 0, deliveryMode=0
01-19 12:49:07.222 10266 10335 D BtGatt.GattService: onScanFilterParamsConfigured() - clientIf=8, status=0, action=0, availableSpace=62
01-19 12:49:07.222 10266 10335 D BtGatt.ScanManager: callback done for scannerId - 8 status - 0
01-19 12:49:07.222 10266 10335 D BtGatt.GattService: onScanFilterConfig() - clientIf=8, action = 0 status = 0, filterType=0, availableSpace=0
01-19 12:49:07.222 10266 10335 D BtGatt.ScanManager: callback done for scannerId - 8 status - 0
01-19 12:49:07.222 10266 10362 D BtGatt.ScanManager: configureFilterParamter 500 10000 1 0, deliveryMode=0
01-19 12:49:07.224 10266 10335 D BtGatt.GattService: onScanFilterParamsConfigured() - clientIf=8, status=0, action=0, availableSpace=61
01-19 12:49:07.224 10266 10335 D BtGatt.ScanManager: callback done for scannerId - 8 status - 0
01-19 12:49:07.224 10266 10335 D BtGatt.GattService: onScanFilterConfig() - clientIf=8, action = 0 status = 0, filterType=0, availableSpace=0
01-19 12:49:07.224 10266 10335 D BtGatt.ScanManager: callback done for scannerId - 8 status - 0
01-19 12:49:07.224 10266 10362 D BtGatt.ScanManager: configureFilterParamter 500 10000 1 0, deliveryMode=0
01-19 12:49:07.226 10266 10335 D BtGatt.GattService: onScanFilterParamsConfigured() - clientIf=8, status=0, action=0, availableSpace=60
01-19 12:49:07.226 10266 10335 D BtGatt.ScanManager: callback done for scannerId - 8 status - 0
01-19 12:49:07.226 10266 10335 D BtGatt.GattService: onScanFilterConfig() - clientIf=8, action = 0 status = 0, filterType=0, availableSpace=0
01-19 12:49:07.226 10266 10335 D BtGatt.ScanManager: callback done for scannerId - 8 status - 0
01-19 12:49:07.226 10266 10362 D BtGatt.ScanManager: configureFilterParamter 500 10000 1 0, deliveryMode=0
01-19 12:49:07.228 10266 10335 D BtGatt.GattService: onScanFilterParamsConfigured() - clientIf=8, status=0, action=0, availableSpace=59
01-19 12:49:07.228 10266 10335 D BtGatt.ScanManager: callback done for scannerId - 8 status - 0
01-19 12:49:07.228 10266 10335 D BtGatt.GattService: onScanFilterConfig() - clientIf=8, action = 0 status = 0, filterType=0, availableSpace=0
01-19 12:49:07.228 10266 10335 D BtGatt.ScanManager: callback done for scannerId - 8 status - 0
01-19 12:49:07.229 10266 10362 D BtGatt.ScanManager: configureFilterParamter 500 10000 1 0, deliveryMode=0
01-19 12:49:07.230 10266 10335 D BtGatt.GattService: onScanFilterParamsConfigured() - clientIf=8, status=0, action=0, availableSpace=58
01-19 12:49:07.230 10266 10335 D BtGatt.ScanManager: callback done for scannerId - 8 status - 0
01-19 12:49:07.230 10266 10335 D BtGatt.GattService: onScanFilterConfig() - clientIf=8, action = 0 status = 0, filterType=0, availableSpace=0
01-19 12:49:07.231 10266 10335 D BtGatt.ScanManager: callback done for scannerId - 8 status - 0
01-19 12:49:07.231 10266 10362 D BtGatt.ScanManager: configureFilterParamter 500 10000 1 0, deliveryMode=0
01-19 12:49:07.232 10266 10335 D BtGatt.GattService: onScanFilterParamsConfigured() - clientIf=8, status=0, action=0, availableSpace=57
01-19 12:49:07.232 10266 10335 D BtGatt.ScanManager: callback done for scannerId - 8 status - 0
01-19 12:49:07.232 10266 10362 D BtGatt.ScanManager: configureRegularScanParams() - queue=2
01-19 12:49:07.232 10266 10362 D BtGatt.ScanManager: configureRegularScanParams() - ScanSetting LE 1M Scan mode=0 ScanSetting LE Coded Scan mode=0 mLastConfiguredScanSettingLE1M=0 mLastConfiguredScanSettingLECoded=0 scanPhy=255
01-19 12:49:07.233 10266 10362 D BtGatt.ScanManager: configureRegularScanParams - scanInterval LE 1M = 660 configureRegularScanParams - scanWindow LE 1M= 66 configureRegularScanParams - scanInterval LE Coded= 660 configureRegularScanParams - scanWindow LE Coded= 66
01-19 12:49:07.234 10266 10335 D BtGatt.GattService: onScanParamSetupCompleted : 0
01-19 12:49:07.279  1031 10380 I vendor.qti.bluetooth@1.0-ibs_handler: ProcessIbsCmd: Received IBS_SLEEP_IND: 0xFE
01-19 12:49:07.402  1998  3041 D MIUIInput: [MotionEvent] publisher action=0x4, 42728651, channel 'd7fb48 NavigationBar0 (server)'
01-19 12:49:07.403  1998  3041 D MIUIInput: [MotionEvent] publisher action=0x0, 42728651, channel '7ea7a75 PopupWindow:251034a (server)'
01-19 12:49:07.403  1998  3041 D MIUIInput: [MotionEvent] publisher action=0x0, 42728651, channel '[Gesture Monitor] miui-gesture (server)'
01-19 12:49:07.437  1998  3041 D MIUIInput: [MotionEvent] publisher action=0x1, 42728688, channel '7ea7a75 PopupWindow:251034a (server)'
01-19 12:49:07.437  1998  3041 D MIUIInput: [MotionEvent] publisher action=0x1, 42728688, channel '[Gesture Monitor] miui-gesture (server)'
01-19 12:49:07.439  1118  1118 E vendor.qti.hardware.perf@2.2-service: Unknown params
01-19 12:49:07.440  1118  1251 E ANDR-PERF-OPTSHANDLER: Can't process request: noroot_thread is not running
01-19 12:49:07.440  1118  1251 E ANDR-PERF-RESOURCEQS: Failed to apply optimization [7, 3]
01-19 12:49:07.455  1998  4034 I HapticFeedbackUtil: 5,2,true
01-19 12:49:07.455  1267  1267 D vendor.hardware.vibratorfeature: configStrengthForEffect id : 5 , strength: 1.000000
01-19 12:49:07.460  1998  4034 W InputManager-JNI: Input channel object '7ea7a75 PopupWindow:251034a (client)' was disposed without first being removed with the input manager!
01-19 12:49:07.460  1267  1267 D vendor.hardware.vibratorfeature: Vibrator perform effect 5
01-19 12:49:07.460  1267  1267 D vendor.hardware.vibratorfeature: uses mCurrMagnitudeExt 1.000000
01-19 12:49:07.460  1267  1267 D vendor.hardware.vibratorfeature: getAmplitudeFromEffectStrength 1.000000
01-19 12:49:07.461  1267  1267 D vendor.hardware.vibratorfeature: return from driver is 20
01-19 12:49:07.461  1267  1267 D vendor.hardware.vibratorfeature: playLengthMs is 70
01-19 12:49:07.461  1267 19415 D vendor.hardware.vibratorfeature: Starting perform on another thread
01-19 12:49:07.472  1312  4235 I SurfaceFlinger: setTransactionState focusRequest transactionId:8581344662331 frontWin:6c16f9a com.android.settings/com.android.settings.SubSettings
01-19 12:49:07.480  1312  1312 I SurfaceFlinger: transactionIsReadyToBeApplied focusRequest transactionId:8581344662331
01-19 12:49:07.480  1312  1312 I SurfaceFlinger: addInputWindowCommands hasChanges
01-19 12:49:07.485 26915 26915 D DecorView[]: onWindowFocusChanged hasWindowFocus true
01-19 12:49:07.485 26915 26915 I HandWritingStubImpl: refreshLastKeyboardType: 1
01-19 12:49:07.485 26915 26915 I HandWritingStubImpl: getCurrentKeyboardType: 1
01-19 12:49:07.489  7864  7864 E BaseInputMethodService: onFinishInput
01-19 12:49:07.489  7864  7864 E BaseInputMethodService: onStartInput
01-19 12:49:07.531  1267 19415 D vendor.hardware.vibratorfeature: Notifying perform complete
01-19 12:49:07.532  1267  1267 D vendor.hardware.vibratorfeature: QTI Vibrator off
01-19 12:49:07.532  1267  1267 D DynamicEffectThread: pause
01-19 12:49:07.532  1267  1267 D DynamicEffectDevice: FFDevice pause
01-19 12:49:07.624  1312  1312 D MI-SF   : [FpsStat] distroy...
01-19 12:49:07.856  1111  1247 W libc    : Access denied finding property "persist.sys.log_time_gap_sec"
01-19 12:49:07.850  1111  1111 W Binder:1111_1: type=1400 audit(0.0:20994): avc: denied { read } for name="u:object_r:system_prop:s0" dev="tmpfs" ino=13208 scontext=u:r:hal_graphics_composer_default:s0 tcontext=u:object_r:system_prop:s0 tclass=file permissive=0
01-19 12:49:07.854  1111  1111 W Binder:1111_1: type=1400 audit(0.0:20995): avc: denied { read } for name="u:object_r:system_prop:s0" dev="tmpfs" ino=13208 scontext=u:r:hal_graphics_composer_default:s0 tcontext=u:object_r:system_prop:s0 tclass=file permissive=0
01-19 12:49:07.854  1111  1111 W Binder:1111_1: type=1400 audit(0.0:20996): avc: denied { read } for name="u:object_r:system_prop:s0" dev="tmpfs" ino=13208 scontext=u:r:hal_graphics_composer_default:s0 tcontext=u:object_r:system_prop:s0 tclass=file permissive=0
01-19 12:49:07.856  1111  1247 W libc    : Access denied finding property "persist.sys.log_max_line"
01-19 12:49:07.857  1111  1247 W libc    : Access denied finding property "persist.sys.log_filter_flag"
01-19 12:49:07.855  1111  1247 I MiStcImpl: Dispatching command: 14 SET_IGC_DITHER
01-19 12:49:07.857  1111  1247 E MiStcImpl: Seting Display 0 dither en 0 strength 5
01-19 12:49:07.890 19037 19054 I d.process.acore: This is non sticky GC, maxfree is 8388608 minfree is 2097152
01-19 12:49:08.091  1032  2534 E CamX    : [ERROR][NCS    ] camxncsintfqsee.cpp:2355 FillSensorData() Invalid sensor index -1
01-19 12:49:08.238  1031 10386 I vendor.qti.bluetooth@1.0-ibs_handler: DeviceSleep: TX Awake, Sending SLEEP_IND
01-19 12:49:08.239  1031 10386 D vendor.qti.bluetooth@1.0-ibs_handler: SerialClockVote: vote for UART CLK OFF
01-19 12:49:08.289  1032  2534 E CamX    : [ERROR][NCS    ] camxncsintfqsee.cpp:2355 FillSensorData() Invalid sensor index -1
01-19 12:49:08.391  1031 10367 D vendor.qti.bluetooth@1.0-wake_lock: Release wakelock is released 
01-19 12:49:08.398  1083  1083 W 1601_see: type=1400 audit(0.0:20997): avc: denied { read } for name="u:object_r:system_prop:s0" dev="tmpfs" ino=13208 scontext=u:r:hal_sensors_default:s0 tcontext=u:object_r:system_prop:s0 tclass=file permissive=0
01-19 12:49:08.402  1083  1083 W 1601_see: type=1400 audit(0.0:20998): avc: denied { read } for name="u:object_r:system_prop:s0" dev="tmpfs" ino=13208 scontext=u:r:hal_sensors_default:s0 tcontext=u:object_r:system_prop:s0 tclass=file permissive=0
01-19 12:49:08.404  1083 16634 W libc    : Access denied finding property "persist.sys.log_max_line"
01-19 12:49:08.404  1083 16634 W libc    : Access denied finding property "persist.sys.log_filter_flag"
01-19 12:49:08.402  1083  1083 W 1601_see: type=1400 audit(0.0:20999): avc: denied { read } for name="u:object_r:system_prop:s0" dev="tmpfs" ino=13208 scontext=u:r:hal_sensors_default:s0 tcontext=u:object_r:system_prop:s0 tclass=file permissive=0
01-19 12:49:08.403  1083 16634 E sensors-hal: handle_sns_client_event:52, gesture_detect_event: ts=179095155276377, event=3.000000
01-19 12:49:08.574  1998  3041 D MIUIInput: [MotionEvent] publisher action=0x0, 42729824, channel '71106e4 GestureStubBottom (server)'
01-19 12:49:08.574  1998  3041 D MIUIInput: [MotionEvent] publisher action=0x0, 42729824, channel '[Gesture Monitor] miui-gesture (server)'
01-19 12:49:08.577  3440  4145 D GestureStubView: onTouch ACTION_DOWN sendMessageDelayed MSG_CHECK_GESTURE_STUB_TOUCHABLE
01-19 12:49:08.578  3440  4145 D GesturesBackController: onPointerEvent swipeStatus:16
01-19 12:49:08.578  3440  4145 D GesturesBackController: mSwipeStatus == SWIPE_STATUS_ANIMATING, processPointerEvent
01-19 12:49:08.578  3440  4145 W GestureStubView: adaptRotation   currentRotation=0   mRotation=0
01-19 12:49:08.579  3440  4145 D GestureStubView: resetRenderProperty: MSG_RESET_ANIMATING_STATUS   isLayoutParamChanged=false
01-19 12:49:08.579  3440  4145 D GestureStubView: reset animating status
01-19 12:49:08.586  1118  1118 E vendor.qti.hardware.perf@2.2-service: Unknown params
01-19 12:49:08.587  3440  4145 D GestureStubView: gatherTransparentRegion: need render w:72  h:1920
01-19 12:49:08.588  1118  1251 E ANDR-PERF-OPTSHANDLER: Can't process request: noroot_thread is not running
01-19 12:49:08.588  1118  1251 E ANDR-PERF-RESOURCEQS: Failed to apply optimization [7, 3]
01-19 12:49:08.617  1998  3041 D MIUIInput: [MotionEvent] publisher action=0x3, 42729869, channel '71106e4 GestureStubBottom (server)'
01-19 12:49:08.617  1998  3041 D MIUIInput: [MotionEvent] publisher action=0x3, 42729869, channel '[Gesture Monitor] miui-gesture (server)'
01-19 12:49:08.618  1998  3041 D MIUIInput: [MotionEvent] publisher action=0x4, 42729824, channel 'd7fb48 NavigationBar0 (server)'
01-19 12:49:08.618  1998  3041 D MIUIInput: [MotionEvent] publisher action=0x0, 42729824, channel '6c16f9a com.android.settings/com.android.settings.SubSettings (server)'
01-19 12:49:08.618  3440  4145 D GestureStubView: currTime - mDownTime < MSG_CHECK_GESTURE_STUB_TOUCHABLE_TIMEOUT updateViewLayout UnTouchable, diffX:0.0 diffY:0.0
01-19 12:49:08.619  3440  4145 D GestureStubView: ACTION_UP: mIsGestureStarted: false mIsGestureAnimationEnabled: true
01-19 12:49:08.619  3440  4145 D GesturesBackController: onPointerEvent swipeStatus:8
01-19 12:49:08.619  3440  4145 D GesturesBackController: mSwipeStatus != SWIPE_STATUS_ANIMATING, processPointerEvent
01-19 12:49:08.619  3440  4145 D GestureStubView: handleMessage MSG_SET_GESTURE_STUB_UNTOUCHABLE
01-19 12:49:08.619  3440  4145 D GestureStubView_Touch: setKeepHidden    old=false   new=true
01-19 12:49:08.619  3440  4145 D GestureStubView_Touch: updateTouchable    old=false   new=true
01-19 12:49:08.619  3440  4145 D GestureStubView_Touch:   updateTouchable---requestApplyInsets
01-19 12:49:08.651  1998  3041 D MIUIInput: [MotionEvent] publisher action=0x1, 42729868, channel '6c16f9a com.android.settings/com.android.settings.SubSettings (server)'
01-19 12:49:08.661  1998  3618 E CellBroadcastUtils: getDefaultCellBroadcastReceiverPackageName: no package found
01-19 12:49:08.661  1118  1118 E vendor.qti.hardware.perf@2.2-service: Unknown params
01-19 12:49:08.665  1998  3618 D PerfStubImpl: perfWarmLaunchBoost: com.android.settings, -1, 2
01-19 12:49:08.665  3440  4383 D TaskStackChangeListeners: onTaskDescriptionChanged =  taskId = 66
01-19 12:49:08.665  1118  1118 E vendor.qti.hardware.perf@2.2-service: Unknown params
01-19 12:49:08.665  1118  1118 E vendor.qti.hardware.perf@2.2-service: Unknown params
01-19 12:49:08.665  1998  3618 D ActivityTrigger: ActivityTrigger activityPauseTrigger 
01-19 12:49:08.665  1118  1118 E vendor.qti.hardware.perf@2.2-service: Unknown params
01-19 12:49:08.667  7269  8021 I octvm_klo: KM_EVENT_LOGGER have allocated 1 blocks.
01-19 12:49:08.672  1118  1251 E ANDR-PERF-OPTSHANDLER: Perflock resource /sys/class/devfreq/soc:qcom,cpubw/max_freq not supported
01-19 12:49:08.672  1118  1251 E ANDR-PERF-RESOURCEQS: Failed to apply optimization [6, 6]
01-19 12:49:08.672  1118  1251 E ANDR-PERF-OPTSHANDLER: Perflock resource /sys/class/devfreq/soc:qcom,cpubw/min_freq not supported
01-19 12:49:08.672  1118  1251 E ANDR-PERF-RESOURCEQS: Failed to apply optimization [6, 0]
01-19 12:49:08.679 26915 26915 D FiveGViceSAPreferenceController: onPause
01-19 12:49:08.679 26915 26915 D DsdaSwitchPreferenceController: onPause
01-19 12:49:08.680  1998 10160 D PerfStubImpl: perfWarmLaunchBoost: com.android.settings, -1, 2
01-19 12:49:08.680  1118  1118 E vendor.qti.hardware.perf@2.2-service: Unknown params
01-19 12:49:08.680  1118  1118 E vendor.qti.hardware.perf@2.2-service: Unknown params
01-19 12:49:08.680  1118  1251 E ANDR-PERF-OPTSHANDLER: Perflock resource /sys/class/devfreq/soc:qcom,cpubw/max_freq not supported
01-19 12:49:08.680  1118  1251 E ANDR-PERF-RESOURCEQS: Failed to apply optimization [6, 6]
01-19 12:49:08.680  1118  1251 E ANDR-PERF-OPTSHANDLER: Perflock resource /sys/class/devfreq/soc:qcom,cpubw/min_freq not supported
01-19 12:49:08.680  1118  1251 E ANDR-PERF-RESOURCEQS: Failed to apply optimization [6, 0]
01-19 12:49:08.680  1118  1118 E vendor.qti.hardware.perf@2.2-service: Unknown params
01-19 12:49:08.681  1118  1252 E ANDR-PERF-LM: MetaMeter: handleAsync() 166: AdaptLaunch Invalid Async
01-19 12:49:08.682  1998 10160 D CompatibilityInfo: mCompatibilityFlags - 0
01-19 12:49:08.682  1998 10160 D CompatibilityInfo: applicationDensity - 560
01-19 12:49:08.682  1998 10160 D CompatibilityInfo: applicationScale - 1.0
01-19 12:49:08.687  1032  2534 E CamX    : [ERROR][NCS    ] camxncsintfqsee.cpp:2355 FillSensorData() Invalid sensor index -1
01-19 12:49:08.687  1998  3148 D ProcessManager: skip notify foregroundAppInfo:ApplicationInfo{ed66c09 com.android.settings}
01-19 12:49:08.688  1312  2493 I SurfaceFlinger: setTransactionState focusRequest transactionId:8581344662368 frontWin:<null>
01-19 12:49:08.690  1998 10160 D MiuiMultiWindowAdapter: MiuiMultiWindowAdapter::getFreeformVideoWhiteList::sSmallWindowWhiteList = [com.hunantv.imgo.activity, com.tencent.qqlive, com.qiyi.video, com.hunantv.imgo.activity.inter, com.tencent.qqlivei18n, com.iqiyi.i18n, tv.danmaku.bili]
01-19 12:49:08.690 26915 26915 D MiuiMultiWindowAdapter: MiuiMultiWindowAdapter::getFreeformVideoWhiteListInSystem::LIST_ABOUT_SUPPORT_LANDSCAPE_VIDEO = [com.hunantv.imgo.activity, com.tencent.qqlive, com.qiyi.video, com.hunantv.imgo.activity.inter, com.tencent.qqlivei18n, com.iqiyi.i18n, tv.danmaku.bili]
01-19 12:49:08.690  1118  1118 E vendor.qti.hardware.perf@2.2-service: Unknown params
01-19 12:49:08.690  1118  1118 E vendor.qti.hardware.perf@2.2-service: Unknown params
01-19 12:49:08.690  1118  1118 E vendor.qti.hardware.perf@2.2-service: Unknown params
01-19 12:49:08.690  1118  1118 E vendor.qti.hardware.perf@2.2-service: Unknown params
01-19 12:49:08.690  1118  1118 E vendor.qti.hardware.perf@2.2-service: Unknown params
01-19 12:49:08.690  1118  1118 E vendor.qti.hardware.perf@2.2-service: Unknown params
01-19 12:49:08.691  1118  1118 E vendor.qti.hardware.perf@2.2-service: Unknown params
01-19 12:49:08.691  1118  1118 E vendor.qti.hardware.perf@2.2-service: Unknown params
01-19 12:49:08.691  1118  1118 E vendor.qti.hardware.perf@2.2-service: Unknown params
01-19 12:49:08.691  1118  1118 E vendor.qti.hardware.perf@2.2-service: Unknown params
01-19 12:49:08.691  1118  1118 E vendor.qti.hardware.perf@2.2-service: Unknown params
01-19 12:49:08.691  1118  1118 E vendor.qti.hardware.perf@2.2-service: Unknown params
01-19 12:49:08.691 26915 26915 D ActivityEmbeddingUtils: isFlagEnabled = true
01-19 12:49:08.691 26915 26915 D ActivityEmbeddingUtils: isSplitSupported = false
01-19 12:49:08.693  1312  1312 I SurfaceFlinger: transactionIsReadyToBeApplied focusRequest transactionId:8581344662368
01-19 12:49:08.693  1312  1312 I SurfaceFlinger: addInputWindowCommands hasChanges
01-19 12:49:08.693 26915 13449 D ViewContentFactory: initViewContentFetcherClass
01-19 12:49:08.694 26915 26915 D IS_CTS_MODE: false
01-19 12:49:08.694 26915 26915 D MULTI_WINDOW_ENABLED: false
01-19 12:49:08.694 26915 13449 I ContentCatcher: ViewContentFetcher : ViewContentFetcher
01-19 12:49:08.694 26915 13449 D ViewContentFactory: createInterceptor took 1ms
01-19 12:49:08.694  1998  3068 I MiuiNetworkPolicy: updateUidState uid = 99004, uidState = 19
01-19 12:49:08.694  1998  3068 I MiuiNetworkPolicy: updateUidState uid = 10262, uidState = 19
01-19 12:49:08.694  1998  3068 I MiuiNetworkPolicy: updateUidState uid = 10243, uidState = 19
01-19 12:49:08.694  1998  3068 I MiuiNetworkPolicy: updateUidState uid = 10232, uidState = 19
01-19 12:49:08.694  1998  3068 I MiuiNetworkPolicy: updateUidState uid = 10230, uidState = 19
01-19 12:49:08.694  1998  3068 I MiuiNetworkPolicy: updateUidState uid = 10161, uidState = 19
01-19 12:49:08.694  1998  3068 I MiuiNetworkPolicy: updateUidState uid = 10153, uidState = 19
01-19 12:49:08.694  1998  3068 I MiuiNetworkPolicy: updateUidState uid = 10146, uidState = 19
01-19 12:49:08.694 26915 26915 D DecorView[]: getWindowModeFromSystem  windowmode is 1
01-19 12:49:08.694  1998  3068 I MiuiNetworkPolicy: updateUidState uid = 10144, uidState = 19
01-19 12:49:08.694  1998  3068 I MiuiNetworkPolicy: updateUidState uid = 10143, uidState = 19
01-19 12:49:08.694  1998  3068 I MiuiNetworkPolicy: updateUidState uid = 10142, uidState = 19
01-19 12:49:08.694  1998  3068 I MiuiNetworkPolicy: updateUidState uid = 10141, uidState = 19
01-19 12:49:08.694  1998  3068 I MiuiNetworkPolicy: updateUidState uid = 10130, uidState = 19
01-19 12:49:08.695  1998  3068 I MiuiNetworkPolicy: updateUidState uid = 10125, uidState = 19
01-19 12:49:08.695  1998  3068 I MiuiNetworkPolicy: updateUidState uid = 10121, uidState = 19
01-19 12:49:08.695  1998  3068 I MiuiNetworkPolicy: updateUidState uid = 10119, uidState = 19
01-19 12:49:08.695  1998  3068 I MiuiNetworkPolicy: updateUidState uid = 10118, uidState = 19
01-19 12:49:08.695  1998  3068 I MiuiNetworkPolicy: updateUidState uid = 10116, uidState = 19
01-19 12:49:08.695  1998  3068 I MiuiNetworkPolicy: updateUidState uid = 10115, uidState = 19
01-19 12:49:08.695  1998  3068 I MiuiNetworkPolicy: updateUidState uid = 10110, uidState = 19
01-19 12:49:08.695  1998  3068 I MiuiNetworkPolicy: updateUidState uid = 10107, uidState = 19
01-19 12:49:08.695  1998  3068 I MiuiNetworkPolicy: updateUidState uid = 10068, uidState = 19
01-19 12:49:08.695  1998  3068 I MiuiNetworkPolicy: updateUidState uid = 6101, uidState = 19
01-19 12:49:08.696  3440  4383 D TaskStackChangeListeners: onTaskDescriptionChanged =  taskId = 66
01-19 12:49:08.696 26915 26915 E         : setFeedbackRadius failed , e:java.lang.NoSuchMethodException: android.view.View.setFeedbackRadius [float]
01-19 12:49:08.698  1998  2341 I libprocessgroup: Successfully killed process cgroup uid 10111 pid 14366 in 8ms
01-19 12:49:08.700 26915 26915 D SettingsActivity: Starting onCreate
01-19 12:49:08.704 26915 26915 D SettingsActivity: Starting to set activity title
01-19 12:49:08.704 26915 26915 D SettingsActivity: Done setting title
01-19 12:49:08.704 26915 26915 D SettingsActivity: Switching to fragment com.android.settings.development.graphicsdriver.GraphicsDriverDashboard
01-19 12:49:08.704 26915 26915 D SubSettings: Launching fragment com.android.settings.development.graphicsdriver.GraphicsDriverDashboard
01-19 12:49:08.706 26915 26915 D PrefCtrlListHelper: Could not find Context-only controller for pref: com.android.settings.development.graphicsdriver.GraphicsDriverTopIntroPreferenceController
01-19 12:49:08.706 26915 26915 D PrefCtrlListHelper: Could not find Context-only controller for pref: com.android.settings.development.graphicsdriver.GraphicsDriverEnableForAllAppsPreferenceController
01-19 12:49:08.707 26915 26915 D PrefCtrlListHelper: Could not find Context-only controller for pref: com.android.settings.development.graphicsdriver.GraphicsDriverAppPreferenceController
01-19 12:49:08.728  1118  1118 E vendor.qti.hardware.perf@2.2-service: Unknown params
01-19 12:49:08.728  1118  1118 E vendor.qti.hardware.perf@2.2-service: Unknown params
01-19 12:49:08.728  1118  1118 E vendor.qti.hardware.perf@2.2-service: Unknown params
01-19 12:49:08.729  6556  6651 I com.xiaomi.xmsf: oneway function results for code 3 on binder at 0xb4000074de5c3340 will be dropped but finished with status UNKNOWN_TRANSACTION
01-19 12:49:08.729   879   879 I Zygote  : Process 31324 exited due to signal 9 (Killed)
01-19 12:49:08.729  7055 12133 I i.xmsf:services: oneway function results for code 3 on binder at 0xb4000074deb8ce60 will be dropped but finished with status UNKNOWN_TRANSACTION
01-19 12:49:08.730   879   879 I Zygote  : Process 4080 exited due to signal 9 (Killed)
01-19 12:49:08.730   879   879 I Zygote  : Process 14366 exited due to signal 9 (Killed)
01-19 12:49:08.731  1118  1118 E vendor.qti.hardware.perf@2.2-service: Unknown params
01-19 12:49:08.731  1118  1118 E vendor.qti.hardware.perf@2.2-service: Unknown params
01-19 12:49:08.731  1118  1118 E vendor.qti.hardware.perf@2.2-service: Unknown params
01-19 12:49:08.732  6556  6651 I com.xiaomi.xmsf: oneway function results for code 3 on binder at 0xb4000074de5c3340 will be dropped but finished with status UNKNOWN_TRANSACTION
01-19 12:49:08.732  7269 10868 D UidObserver: onUidGone entry uid = 10120
01-19 12:49:08.733  7055 12133 I i.xmsf:services: oneway function results for code 3 on binder at 0xb4000074deb8ce60 will be dropped but finished with status UNKNOWN_TRANSACTION
01-19 12:49:08.733  1998  3068 I MiuiNetworkPolicy: removeUidState uid = 10120
01-19 12:49:08.733   879   879 I Zygote  : Process 31181 exited due to signal 9 (Killed)
01-19 12:49:08.733  5584  5617 I NetworkBoostStatusManager: onUidGone uid: 10120
01-19 12:49:08.733  1118  1118 E vendor.qti.hardware.perf@2.2-service: Unknown params
01-19 12:49:08.733  1118  1118 E vendor.qti.hardware.perf@2.2-service: Unknown params
01-19 12:49:08.733  1118  1118 E vendor.qti.hardware.perf@2.2-service: Unknown params
01-19 12:49:08.734  7055 12133 I i.xmsf:services: oneway function results for code 3 on binder at 0xb4000074deb8ce60 will be dropped but finished with status UNKNOWN_TRANSACTION
01-19 12:49:08.734  7269 10868 D UidObserver: onUidGone entry uid = 10111
01-19 12:49:08.734  5584  5617 I NetworkBoostStatusManager: onUidGone uid: 10111
01-19 12:49:08.734  1998  3068 I MiuiNetworkPolicy: removeUidState uid = 10111
01-19 12:49:08.735  6556  6651 I com.xiaomi.xmsf: oneway function results for code 3 on binder at 0xb4000074de5c3340 will be dropped but finished with status UNKNOWN_TRANSACTION
01-19 12:49:08.735  1118  1118 E vendor.qti.hardware.perf@2.2-service: Unknown params
01-19 12:49:08.735  1118  1118 E vendor.qti.hardware.perf@2.2-service: Unknown params
01-19 12:49:08.735  1118  1118 E vendor.qti.hardware.perf@2.2-service: Unknown params
01-19 12:49:08.735  1998  2341 I libprocessgroup: Successfully killed process cgroup uid 10120 pid 4080 in 0ms
01-19 12:49:08.735  7055 12133 I i.xmsf:services: oneway function results for code 3 on binder at 0xb4000074deb8ce60 will be dropped but finished with status UNKNOWN_TRANSACTION
01-19 12:49:08.735  6556  6651 I com.xiaomi.xmsf: oneway function results for code 3 on binder at 0xb4000074de5c3340 will be dropped but finished with status UNKNOWN_TRANSACTION
01-19 12:49:08.736  1998  2341 I libprocessgroup: Successfully killed process cgroup uid 1000 pid 31181 in 0ms
01-19 12:49:08.737  1998  2341 I libprocessgroup: Successfully killed process cgroup uid 1000 pid 31324 in 0ms
01-19 12:49:08.784  3440  4383 D RecentsModel: onTaskStackChangedBackground
01-19 12:49:08.785  3440  8794 D RecentsModel: onTaskStackChangedBackground    MSG_TASK_STACK_CHANGE
01-19 12:49:08.785  3440  8794 D RecentsModel: preloadRecents
01-19 12:49:08.785  3440  8794 W RecentsModel: getRunningTask
01-19 12:49:08.785  5850  6203 I SCTaskStackListener: onTaskStackChanged! inSplit = false
01-19 12:49:08.785  3440  4383 D RecentsModel: onTaskStackChangedBackground
01-19 12:49:08.785  3440  4383 D EventBus: No subscribers registered for event class com.miui.home.recents.messages.RecentTasksChangedEvent
01-19 12:49:08.785  3440  4383 D EventBus: No subscribers registered for event class org.greenrobot.eventbus.NoSubscriberEvent
01-19 12:49:08.785  3440  4199 D RecentsModel: onTaskStackChangedBackground
01-19 12:49:08.785  7269 10868 I MultiScreenObserver: onTaskStackChanged, splitScreenMode: false isCameraFloat: false isSmallScreen: false
01-19 12:49:08.785  3440  4199 D EventBus: No subscribers registered for event class com.miui.home.recents.messages.RecentTasksChangedEvent
01-19 12:49:08.785  3440  4199 D EventBus: No subscribers registered for event class org.greenrobot.eventbus.NoSubscriberEvent
01-19 12:49:08.785  5850  5883 I SCTaskStackListener: onTaskStackChanged! inSplit = false
01-19 12:49:08.786  3440  8794 W RecentsModel: getRunningTask   taskInfo=TaskInfo{userId=0 taskId=66 displayId=0 isRunning=true baseIntent=Intent { act=android.intent.action.MAIN cat=[android.intent.category.LAUNCHER] flg=0x10200000 cmp=com.android.settings/.MainSettings } baseActivity=ComponentInfo{com.android.settings/com.android.settings.MainSettings} topActivity=ComponentInfo{com.android.settings/com.android.settings.SubSettings} origActivity=ComponentInfo{com.android.settings/com.android.settings.MainSettings} realActivity=ComponentInfo{com.android.settings/com.android.settings.MiuiSettings} numActivities=3 lastActiveTime=179095655 supportsSplitScreenMultiWindow=true supportsMultiWindow=true resizeMode=1 isResizeable=true minWidth=-1 minHeight=-1 defaultMinSize=200 token=WCT{android.window.IWindowContainerToken$Stub$Proxy@2ef390b} topActivityType=1 pictureInPictureParams=null shouldDockBigOverlays=false launchIntoPipHostTaskId=0 displayCutoutSafeInsets=Rect(0, 137 - 0, 0) topActivityInfo=ActivityInfo{cbed3e8 com.android.settings.SubSettings} launchCookies=[] positionInParent=Point(0, 0) parentTaskId=-1 isFocused=true isVisible=true isSleeping=false topActivityInSizeCompat=false topActivityInMiuiSizeCompat=false topActivityEligibleForLetterboxEducation= false locusId=null displayAreaFeatureId=1 cameraCompatControlState=hidden mIsCastMode=false}
01-19 12:49:08.786  3440  8794 W RecentsModel: getTaskInfoIgnoreHomeAndFreeform   taskInfo=ComponentInfo{com.android.settings/com.android.settings.MainSettings}
01-19 12:49:08.786  3440  8794 E ActivityManagerWrapper: get all recent tasks force including 66
01-19 12:49:08.787  3440  8794 E ActivityManagerWrapper: getRecentTasks: size=4
01-19 12:49:08.787  3440  8794 E ActivityManagerWrapper: getRecentTasks: mainTaskId=66   userId=0   baseIntent=Intent { act=android.intent.action.MAIN flag=270532608 cmp=ComponentInfo{com.android.settings/com.android.settings.MainSettings} }
01-19 12:49:08.787  3440  8794 E ActivityManagerWrapper: getRecentTasks: mainTaskId=64   userId=0   baseIntent=Intent { act=android.intent.action.MAIN flag=270532608 cmp=ComponentInfo{com.topjohnwu.magisk/com.topjohnwu.magisk.ui.MainActivity} }
01-19 12:49:08.787  3440  8794 E ActivityManagerWrapper: getRecentTasks: mainTaskId=60   userId=0   baseIntent=Intent { act=android.settings.APPLICATION_DEVELOPMENT_SETTINGS flag=268468224 cmp=ComponentInfo{com.android.settings/com.android.settings.Settings$DevelopmentSettingsDashboardActivity} }
01-19 12:49:08.787  3440  8794 E ActivityManagerWrapper: getRecentTasks: mainTaskId=59   userId=0   baseIntent=Intent { act=android.intent.action.MAIN flag=270532608 cmp=ComponentInfo{tv.danmaku.bili/tv.danmaku.bili.MainActivityV2} }
01-19 12:49:08.789  3440  8794 D RecentsModel: onTaskStackChangedBackground    MSG_TASK_STACK_CHANGE
01-19 12:49:08.789  3440  8794 D RecentsModel: preloadRecents
01-19 12:49:08.789  3440  8794 W RecentsModel: getRunningTask
01-19 12:49:08.789  3440  8794 W RecentsModel: getRunningTask   taskInfo=TaskInfo{userId=0 taskId=66 displayId=0 isRunning=true baseIntent=Intent { act=android.intent.action.MAIN cat=[android.intent.category.LAUNCHER] flg=0x10200000 cmp=com.android.settings/.MainSettings } baseActivity=ComponentInfo{com.android.settings/com.android.settings.MainSettings} topActivity=ComponentInfo{com.android.settings/com.android.settings.SubSettings} origActivity=ComponentInfo{com.android.settings/com.android.settings.MainSettings} realActivity=ComponentInfo{com.android.settings/com.android.settings.MiuiSettings} numActivities=3 lastActiveTime=179095659 supportsSplitScreenMultiWindow=true supportsMultiWindow=true resizeMode=1 isResizeable=true minWidth=-1 minHeight=-1 defaultMinSize=200 token=WCT{android.window.IWindowContainerToken$Stub$Proxy@f411a01} topActivityType=1 pictureInPictureParams=null shouldDockBigOverlays=false launchIntoPipHostTaskId=0 displayCutoutSafeInsets=Rect(0, 137 - 0, 0) topActivityInfo=ActivityInfo{26a90a6 com.android.settings.SubSettings} launchCookies=[] positionInParent=Point(0, 0) parentTaskId=-1 isFocused=true isVisible=true isSleeping=false topActivityInSizeCompat=false topActivityInMiuiSizeCompat=false topActivityEligibleForLetterboxEducation= false locusId=null displayAreaFeatureId=1 cameraCompatControlState=hidden mIsCastMode=false}
01-19 12:49:08.789  3440  8794 W RecentsModel: getTaskInfoIgnoreHomeAndFreeform   taskInfo=ComponentInfo{com.android.settings/com.android.settings.MainSettings}
01-19 12:49:08.790  3440  8794 E ActivityManagerWrapper: get all recent tasks force including 66
01-19 12:49:08.790  3440  8794 E ActivityManagerWrapper: getRecentTasks: size=4
