01-19 12:49:14.230 19551 19551 I MACE    : mace_run.cc:791 raw_output_data_types[3] is 1
01-19 12:49:14.230 19551 19551 I MACE    : mace_run.cc:791 raw_output_data_types[4] is 1
01-19 12:49:14.231 19551 19551 W MACE    : thread_pool.cc:108 CPU maybe isolated, don't set CPU affinity
01-19 12:49:14.231 19551 19551 D mace_run: src/rpcmem_android.c:202:ION version is new R
01-19 12:49:14.231 19551 19551 D mace_run: src/rpcmem_android.c:267::info: calling: NULL != (m = malloc(sizeof(*m)))
01-19 12:49:14.231 19551 19551 D mace_run: src/rpcmem_android.c:267::info: passed: NULL != (m = malloc(sizeof(*m)))
01-19 12:49:14.231 19551 19551 D mace_run: src/rpcmem_android.c:288::info: calling: !(rpc_flags & RPCMEM_HEAP_UNCACHED)
01-19 12:49:14.231 19551 19551 D mace_run: src/rpcmem_android.c:288::info: passed: !(rpc_flags & RPCMEM_HEAP_UNCACHED)
01-19 12:49:14.231 19551 19551 D mace_run: src/rpcmem_android.c:525:ION version is new
01-19 12:49:14.231 19551 19551 D mace_run: src/rpcmem_android.c:430::info: calling: 0 < rm->ionfd
01-19 12:49:14.231 19551 19551 D mace_run: src/rpcmem_android.c:430::info: passed: 0 < rm->ionfd
01-19 12:49:14.231 19551 19551 D mace_run: src/rpcmem_android.c:439:alloc data 0x0xb400007464a3dba0, heap mask 0x2000000, flags 0x1
01-19 12:49:14.231 19551 19551 D mace_run: src/rpcmem_android.c:446:mmap data 0x0xb400007464a3dba0
01-19 12:49:14.231 19551 19551 D mace_run: src/rpcmem_android.c:454::info: calling: MAP_FAILED != (m->paddr = (void *)mmap(NULL, alloc.len, PROT_READ|PROT_WRITE, MAP_SHARED, m->data.fd, 0))
01-19 12:49:14.231 19551 19551 D mace_run: src/rpcmem_android.c:454::info: passed: MAP_FAILED != (m->paddr = (void *)mmap(NULL, alloc.len, PROT_READ|PROT_WRITE, MAP_SHARED, m->data.fd, 0))
01-19 12:49:14.231 19551 19551 D mace_run: src/rpcmem_android.c:314:rpcmem register buf: heap mask: 0x2000000
01-19 12:49:14.231 19551 19551 D mace_run: src/rpcmem_android.c:355::info: calling: mfree
01-19 12:49:14.231 19551 19551 D mace_run: src/rpcmem_android.c:355::info: passed: mfree
01-19 12:49:14.232 19551 19551 I MACE    : rpcmem.cc:32 Rpcmem is supported. type: 0
01-19 12:49:14.232 19551 19551 I MACE    : rpcmem_factory.cc:53 Rpcmem is supported. type: 0
01-19 12:49:14.232 19551 19551 I MACE    : serial_engine.cc:33 Creating SerialEngine, MACE version: v1.1.1-34-gc483487
01-19 12:49:14.237 19551 19551 W MACE    : thread_pool.cc:108 CPU maybe isolated, don't set CPU affinity
01-19 12:49:14.265 12203 12475 D IdProviderImpl: getOAID from com.miui.analytics
01-19 12:49:14.412 19551 19551 I MACE    : mace_run.cc:816 restart round 0
01-19 12:49:14.413 19551 19551 D mace_run: src/rpcmem_android.c:202:ION version is new R
01-19 12:49:14.413 19551 19551 D mace_run: src/rpcmem_android.c:267::info: calling: NULL != (m = malloc(sizeof(*m)))
01-19 12:49:14.413 19551 19551 D mace_run: src/rpcmem_android.c:267::info: passed: NULL != (m = malloc(sizeof(*m)))
01-19 12:49:14.413 19551 19551 D mace_run: src/rpcmem_android.c:288::info: calling: !(rpc_flags & RPCMEM_HEAP_UNCACHED)
01-19 12:49:14.413 19551 19551 D mace_run: src/rpcmem_android.c:288::info: passed: !(rpc_flags & RPCMEM_HEAP_UNCACHED)
01-19 12:49:14.413 19551 19551 D mace_run: src/rpcmem_android.c:525:ION version is new
01-19 12:49:14.413 19551 19551 D mace_run: src/rpcmem_android.c:430::info: calling: 0 < rm->ionfd
01-19 12:49:14.413 19551 19551 D mace_run: src/rpcmem_android.c:430::info: passed: 0 < rm->ionfd
01-19 12:49:14.413 19551 19551 D mace_run: src/rpcmem_android.c:439:alloc data 0x0xb400007464a3dea0, heap mask 0x2000000, flags 0x1
01-19 12:49:14.413 19551 19551 D mace_run: src/rpcmem_android.c:446:mmap data 0x0xb400007464a3dea0
01-19 12:49:14.413 19551 19551 D mace_run: src/rpcmem_android.c:454::info: calling: MAP_FAILED != (m->paddr = (void *)mmap(NULL, alloc.len, PROT_READ|PROT_WRITE, MAP_SHARED, m->data.fd, 0))
01-19 12:49:14.413 19551 19551 D mace_run: src/rpcmem_android.c:454::info: passed: MAP_FAILED != (m->paddr = (void *)mmap(NULL, alloc.len, PROT_READ|PROT_WRITE, MAP_SHARED, m->data.fd, 0))
01-19 12:49:14.413 19551 19551 D mace_run: src/rpcmem_android.c:314:rpcmem register buf: heap mask: 0x2000000
01-19 12:49:14.413 19551 19551 D mace_run: src/rpcmem_android.c:355::info: calling: mfree
01-19 12:49:14.413 19551 19551 D mace_run: src/rpcmem_android.c:355::info: passed: mfree
01-19 12:49:14.413 19551 19551 I MACE    : rpcmem.cc:32 Rpcmem is supported. type: 0
01-19 12:49:14.413 19551 19551 I MACE    : rpcmem_factory.cc:53 Rpcmem is supported. type: 0
01-19 12:49:14.413 19551 19551 I MACE    : serial_engine.cc:33 Creating SerialEngine, MACE version: v1.1.1-34-gc483487
01-19 12:49:14.437 19551 19551 I MACE    : mace_run.cc:462 Create Mace Engine latency: 24.082 ms
01-19 12:49:14.437 19551 19551 I MACE    : mace_run.cc:469 Total init latency: 24.202 ms
01-19 12:49:14.437 19551 19551 I MACE    : mace_run.cc:316 runtimes: [CPU]
01-19 12:49:14.437 19551 19551 I MACE    : mace_run.cc:486 intput_file: /data/local/tmp/mace_tmp/conformer/validate_in/conformer_/data/local/tmp/mace_tmp/conformer/validate_in/conformer_input
01-19 12:49:14.437 19551 19551 I MACE    : mace_run.cc:486 intput_file: /data/local/tmp/mace_tmp/conformer/validate_in/conformer_/data/local/tmp/mace_tmp/conformer/validate_in/conformer_icache1
01-19 12:49:14.437 19551 19551 I MACE    : mace_run.cc:486 intput_file: /data/local/tmp/mace_tmp/conformer/validate_in/conformer_/data/local/tmp/mace_tmp/conformer/validate_in/conformer_icache2
01-19 12:49:14.437 19551 19551 I MACE    : mace_run.cc:486 intput_file: /data/local/tmp/mace_tmp/conformer/validate_in/conformer_/data/local/tmp/mace_tmp/conformer/validate_in/conformer_icache3
01-19 12:49:14.437 19551 19551 I MACE    : mace_run.cc:486 intput_file: /data/local/tmp/mace_tmp/conformer/validate_in/conformer_/data/local/tmp/mace_tmp/conformer/validate_in/conformer_pos_emb_helper
01-19 12:49:14.437 19551 19551 I MACE    : mace_run.cc:554 Warm up run
01-19 12:49:14.442 19551 19551 I MACE    : mace_run.cc:596 1st warm up run latency: 4.579 ms
01-19 12:49:14.442 19551 19551 I MACE    : mace_run.cc:604 Run model
01-19 12:49:14.445 19551 19551 I MACE    : mace_run.cc:672 Average latency: 3.68 ms
01-19 12:49:14.447 19551 19551 I MACE    : mace_run.cc:685 Write output file /data/local/tmp/mace_tmp/conformer/validate_out/conformer_output with size 1756 done.
01-19 12:49:14.447 19551 19551 I MACE    : mace_run.cc:685 Write output file /data/local/tmp/mace_tmp/conformer/validate_out/conformer_output_ce with size 1756 done.
01-19 12:49:14.448 19551 19551 I MACE    : mace_run.cc:685 Write output file /data/local/tmp/mace_tmp/conformer/validate_out/conformer_ocache1 with size 2176 done.
01-19 12:49:14.448 19551 19551 I MACE    : mace_run.cc:685 Write output file /data/local/tmp/mace_tmp/conformer/validate_out/conformer_ocache2 with size 10880 done.
01-19 12:49:14.448 19551 19551 I MACE    : mace_run.cc:685 Write output file /data/local/tmp/mace_tmp/conformer/validate_out/conformer_ocache3 with size 1920 done.
01-19 12:49:15.104  5584  8143 I NetworkAccelerateSwitchService: EVENT_RSSI_POLL
01-19 12:49:15.108  5584  8143 I NetworkAccelerateSwitchService: getAverageWifiRssi:44
01-19 12:49:15.505  1998  3068 I MiuiNetworkPolicy: bandwidth: 0 KB/s, Max bandwidth: 2192 KB/s
01-19 12:49:15.767  7269  7980 D UidObserver: onUidIdle uid=10112 uidstate=100
01-19 12:49:16.203  1998  3068 D MiuiNetworkPolicy: updateLimit mLimitEnabled=true,enabled=false,mNetworkPriorityMode=1
01-19 12:49:17.110  5584  8143 I NetworkAccelerateSwitchService: EVENT_RSSI_POLL
01-19 12:49:17.112  5584  8143 I NetworkAccelerateSwitchService: getAverageWifiRssi:44
01-19 12:49:17.228  7269  8260 D ThermalIECHandler: storeDataStyle: thermal_iec_monitor_persistence_data_style_iec_state; startIECTime: -1; IECScreenOffOverPeriodTime: 179027854
01-19 12:49:17.231  3799  3799 D QtiCarrierConfigHelper: WARNING, no carrier configs on phone Id: 1
01-19 12:49:17.232  5850  5850 I BatteryInfoReceiver: ACTION_BATTERY_CHANGED
01-19 12:49:17.233  5850  5850 I PowerNoticeUI: handleBatteryChanged oldPlugType 2 mPlugType 2 oldBatteryLevel 91 mBatteryLevel 91 temperature 290
01-19 12:49:17.234  7269  7720 D PowerKeeper.Thermal: mBatteryTemperature: 29
01-19 12:49:17.235  7269  8175 D PowerCheckerService: onBatteryChanged, mBatteryLevel = 91, status = 2, level = 91, plug = 2, scale = 100
01-19 12:49:17.235  7269  7726 D PowerKeeper.FrozenApp: onBatteryChanged plug=true mBatteryPlugged=2
01-19 12:49:17.236  5850  7242 I android_os_HwBinder: HwBinder: Starting thread pool for getting: vendor.xiaomi.hardware.micharge@1.0::IMiCharge/default
01-19 12:49:17.236  3855  3855 V DeviceStatisticsService: chargerType=2 batteryLevel=91 totalBatteryCapacity=3913000
01-19 12:49:17.238  1228  4987 W libc    : Access denied finding property "persist.sys.log_time_gap_sec"
01-19 12:49:17.234  1228  1228 W HwBinder:1228_3: type=1400 audit(0.0:21069): avc: denied { read } for name="u:object_r:system_prop:s0" dev="tmpfs" ino=13208 scontext=u:r:hal_micharge_default:s0 tcontext=u:object_r:system_prop:s0 tclass=file permissive=0
01-19 12:49:17.234  1228  1228 W HwBinder:1228_3: type=1400 audit(0.0:21070): avc: denied { read } for name="u:object_r:system_prop:s0" dev="tmpfs" ino=13208 scontext=u:r:hal_micharge_default:s0 tcontext=u:object_r:system_prop:s0 tclass=file permissive=0
01-19 12:49:17.234  1228  1228 W HwBinder:1228_3: type=1400 audit(0.0:21071): avc: denied { read } for name="u:object_r:system_prop:s0" dev="tmpfs" ino=13208 scontext=u:r:hal_micharge_default:s0 tcontext=u:object_r:system_prop:s0 tclass=file permissive=0
01-19 12:49:17.238  1228  4987 W libc    : Access denied finding property "persist.sys.log_filter_flag"
01-19 12:49:17.237  1228  4987 I vendor.xiaomi.hardware.micharge@1.0-service: ReadFilePathValue path = /sys/class/qcom-battery/night_charging value = 0
01-19 12:49:17.238  5850  7242 I ChargeProtectionUtils: getNightChargingState: 0
01-19 12:49:17.443  3876  3876 W Settings: Setting airplane_mode_on has moved from android.provider.Settings.System to android.provider.Settings.Global, returning read-only value.
01-19 12:49:18.509  1998  3068 I MiuiNetworkPolicy: bandwidth: 0 KB/s, Max bandwidth: 2192 KB/s
01-19 12:49:19.117  5584  8143 I NetworkAccelerateSwitchService: EVENT_RSSI_POLL
01-19 12:49:19.120  5584  8143 I NetworkAccelerateSwitchService: getAverageWifiRssi:45
01-19 12:49:19.189  1998  3068 I MiuiNetworkPolicy: updateUidState uid = 10112, uidState = 19
01-19 12:49:21.063 10835 11010 D Mi_ModemDebug_Service: start to querySmartTransmitStatus.
01-19 12:49:21.063 10835 11010 D QC_RIL_OEM_HOOK: qcRilFeatureQueryCmn featureType = 10, ctlCode = 1
01-19 12:49:21.065  3765  3765 D QcrilMsgTunnelIfaceManager: handleMessage what = 1
01-19 12:49:21.066  3765  3765 I QcrilOemhookMsgTunnel: [0]invokeOemRilRequestRaw: serial=1197 length=28
01-19 12:49:21.073  3765  4269 I QcrilOemhookMsgTunnel: [0]processOemHookResponse serial no: 1197 error: 44length=0
01-19 12:49:21.073  3765  4269 E QcRilRequest: [1197] < OEM_HOOK_RAW error: org.codeaurora.telephony.utils.CommandException: INVALID_ARGUMENTS
01-19 12:49:21.073  3765  3765 D QcrilMsgTunnelIfaceManager: handleMessage what = 2
01-19 12:49:21.074 10835 11010 D QC_RIL_OEM_HOOK: sendOemRilRequestRaw returns value = -43
01-19 12:49:21.074 10835 11010 W QC_RIL_OEM_HOOK: qcRilFeatureQueryCmn failed w/ org.codeaurora.telephony.utils.CommandException: SIM_ERR
01-19 12:49:21.074 10835 11010 D Mi_ModemDebug_Service: querySmartTransmitStatus resultStr = 00000000
01-19 12:49:21.123  5584  8143 I NetworkAccelerateSwitchService: EVENT_RSSI_POLL
01-19 12:49:21.125  5584  8143 I NetworkAccelerateSwitchService: getAverageWifiRssi:44
01-19 12:49:21.211  1998  3068 D MiuiNetworkPolicy: updateLimit mLimitEnabled=false,enabled=true,mNetworkPriorityMode=1
01-19 12:49:21.513  1998  3068 I MiuiNetworkPolicy: bandwidth: 0 KB/s, Max bandwidth: 2192 KB/s
01-19 12:49:22.867  5584  7920 D SLM-SRV-SLAService: checktemp temperature = 28666 temperature_average = 28238 isPerformanceMode = false thermal_enable_slm = true
01-19 12:49:23.128  5584  8143 I NetworkAccelerateSwitchService: EVENT_RSSI_POLL
01-19 12:49:23.130  5584  8143 I NetworkAccelerateSwitchService: getAverageWifiRssi:43
01-19 12:49:24.519  1998  3068 I MiuiNetworkPolicy: bandwidth: 0 KB/s, Max bandwidth: 2192 KB/s
01-19 12:49:25.116  3876  3876 W Settings: Setting airplane_mode_on has moved from android.provider.Settings.System to android.provider.Settings.Global, returning read-only value.
01-19 12:49:25.132  5584  8143 I NetworkAccelerateSwitchService: EVENT_RSSI_POLL
01-19 12:49:25.134  5584  8143 I NetworkAccelerateSwitchService: getAverageWifiRssi:43
